Microchip Technology Inc, v

Tool Name:
  /Applications/microchip/xc16/v1.21/bin/bin/../bin/elf-ld

Command:
  -p24F16KL402 \
  -o \
  dist/default/production/spaceteam_pic_project.X.production.elf \
  -L/Applications/microchip/xc16/v1.21/bin/bin/.. \
  -L/Applications/microchip/xc16/v1.21/bin/bin/../../lib \
  -L/Applications/microchip/xc16/v1.21/bin/bin/../../lib/PIC24E \
  -L/Applications/microchip/xc16/v1.21/bin/bin/../../support/PIC24E/gld \
  -L/Applications/microchip/xc16/v1.21/bin/bin/../../lib/PIC24F \
  -L/Applications/microchip/xc16/v1.21/bin/bin/../../support/PIC24F/gld \
  -L/Applications/microchip/xc16/v1.21/bin/bin/../../lib/PIC24H \
  -L/Applications/microchip/xc16/v1.21/bin/bin/../../support/PIC24H/gld \
  -L/Applications/microchip/xc16/v1.21/bin/bin/../../lib/dsPIC30F \
  -L/Applications/microchip/xc16/v1.21/bin/bin/../../support/dsPIC30F/gld \
  -L/Applications/microchip/xc16/v1.21/bin/bin/../../lib/dsPIC33E \
  -L/Applications/microchip/xc16/v1.21/bin/bin/../../support/dsPIC33E/gld \
  -L/Applications/microchip/xc16/v1.21/bin/bin/../../lib/dsPIC33F \
  -L/Applications/microchip/xc16/v1.21/bin/bin/../../support/dsPIC33F/gld \
  build/default/production/spaceteam_main.o \
  build/default/production/spaceteam_io.o \
  build/default/production/spaceteam_display.o \
  build/default/production/spaceteam_spi.o \
  build/default/production/spaceteam_rfid.o \
  build/default/production/spaceteam_wireless.o \
  build/default/production/spaceteam_game.o \
  build/default/production/spaceteam_msg.o \
  --defsym=__MPLAB_BUILD=1 \
  -Tp24F16KL402.gld.00 \
  --stack=16 \
  --check-sections \
  --data-init \
  --pack-data \
  --handles \
  --isr \
  --no-gc-sections \
  --fill-upper=0 \
  --stackguard=16 \
  --no-force-link \
  --smart-io \
  -Map=dist/default/production/spaceteam_pic_project.X.production.map \
  --report-mem \
  -start-group \
  --library=fx-elf \
  --library=pic30-elf \
  --library=m-elf \
  --library=c-elf \
  -end-group \

Archive member included because of file (symbol)

/Applications/microchip/xc16/v1.21/bin/bin/../../lib/libpic30-elf.a(crt0_standard.o)
                              (__resetPRI)
/Applications/microchip/xc16/v1.21/bin/bin/../../lib/libpic30-elf.a(data_init_standard.o)
                              /Applications/microchip/xc16/v1.21/bin/bin/../../lib/libpic30-elf.a(crt0_standard.o) (__data_init_standard)
/Applications/microchip/xc16/v1.21/bin/bin/../../lib/libpic30-elf.a(delay32.eo)
                              build/default/production/spaceteam_main.o (___delay32)


Program Memory  [Origin = 0x200, Length = 0x29fe]

section                    address   length (PC units)   length (bytes) (dec)
-------                    -------   -----------------   --------------------
.text                        0x200                0x98            0xe4  (228)
.const                       0x298               0x154           0x1fe  (510)
.text                        0x3ec              0x1662          0x2193  (8595)
.dinit                      0x1a4e                0xb2           0x10b  (267)
.text                       0x1b00                0x34            0x4e  (78)
.init.delay32               0x1b34                0x1c            0x2a  (42)

                     Total program memory used (bytes):         0x25f8  (9720) 60%


Data Memory  [Origin = 0x800, Length = 0x400]

section                    address      alignment gaps    total length  (dec)
-------                    -------      --------------    -------------------
.nbss                        0x800                   0            0x68  (104)
.ndata                       0x868                   0            0x4e  (78)
.nbss                        0x8b6                   0            0x4c  (76)
.ndata                       0x902                   0            0x66  (102)
.nbss                        0x968                   0            0x2a  (42)

                        Total data memory used (bytes):          0x192  (402) 39%


Dynamic Memory Usage

region                     address                      maximum length  (dec)
------                     -------                      ---------------------
heap                             0                                   0  (0)
stack                        0x992                               0x26e  (622)

                        Maximum dynamic memory (bytes):          0x26e  (622)


External Symbols in Data Memory (by address):

                    0x0800                  _lfsr
                    0x0802                  _num_players
                    0x0804                  _game_state
                    0x0806                  _req_time
                    0x0807                  _curr_LED
                    0x0808                  _game_health
                    0x080a                  _active_requests
                    0x084a                  _my_req
                    0x0852                  _mainloop_scan_for_rfid
[...]
Memory Configuration

Name             Origin             Length             Attributes
data             0x000800           0x000400           a !xr
reset            0x000000           0x000004  
ivt              0x000004           0x0000fc  
_reserved        0x000100           0x000004  
aivt             0x000104           0x0000fc  
program          0x000200           0x0029fe           xr
eedata           0x7ffe00           0x000200  
FBS              0xf80000           0x000002  
FGS              0xf80004           0x000002  
FOSCSEL          0xf80006           0x000002  
FOSC             0xf80008           0x000002  
FWDT             0xf8000a           0x000002  
FPOR             0xf8000c           0x000002  
FICD             0xf8000e           0x000002  
*default*        0x000000           0xffffffff  

Linker script and memory map

LOAD build/default/production/spaceteam_main.o
LOAD build/default/production/spaceteam_io.o
LOAD build/default/production/spaceteam_display.o
LOAD build/default/production/spaceteam_spi.o
LOAD build/default/production/spaceteam_rfid.o
LOAD build/default/production/spaceteam_wireless.o
LOAD build/default/production/spaceteam_game.o
LOAD build/default/production/spaceteam_msg.o
                    0x0001                  __MPLAB_BUILD = 0x1
LOAD /Applications/microchip/xc16/v1.21/bin/bin/../../lib/PIC24F/libpPIC24Fxxx-elf.a
                    0xf80000                  __FBS = 0xf80000
                    0xf80004                  __FGS = 0xf80004
                    0xf80006                  __FOSCSEL = 0xf80006
                    0xf80008                  __FOSC = 0xf80008
                    0xf8000a                  __FWDT = 0xf8000a
                    0xf8000c                  __FPOR = 0xf8000c
                    0xf8000e                  __FICD = 0xf8000e
                    0x0001                  __NO_HANDLES = 0x1
                    0x0004                  __IVT_BASE = 0x4
                    0x0104                  __AIVT_BASE = 0x104
                    0x0800                  __DATA_BASE = 0x800
                    0x0400                  __DATA_LENGTH = 0x400
                    0x0200                  __CODE_BASE = 0x200
                    0x2a00                  __CODE_LENGTH = 0x2a00

.reset            0x000000          0x4
                  0x000000          0x2 SHORT 0x200 ABSOLUTE (__reset)
                  0x000001          0x2 SHORT 0x4
                  0x000002          0x2 SHORT 0x0 ((ABSOLUTE (__reset) >> 0x10) & 0x7f)
                  0x000003          0x2 SHORT 0x0

.text             0x000200         0x98
 *(.init)
 .init            0x000200         0x36 /Applications/microchip/xc16/v1.21/bin/bin/../../lib/libpic30-elf.a(crt0_standard.o)
                  0x000200                  __reset
                  0x000200                  __resetPRI
                  0x000226                  __psv_init
 .init            0x000236         0x5e /Applications/microchip/xc16/v1.21/bin/bin/../../lib/libpic30-elf.a(data_init_standard.o)
                  0x000236                  __data_init
                  0x000236                  __data_init_standard
 *(.user_init)
 *(.handle)
 *(.isr*)
 .isr             0x000294          0x4 default_isr
                  0x000294                  __DefaultInterrupt
 *(.libc)
 *(.libm)
 *(.libdsp)
 *(.lib*)

usercode
 *(usercode)

__FBS
 *(__FBS.sec*)

__FGS
 *(__FGS.sec*)

__FOSCSEL
 *(__FOSCSEL.sec*)

__FOSC
 *(__FOSC.sec*)

__FWDT
 *(__FWDT.sec*)

__FPOR
 *(__FPOR.sec*)

__FICD
 *(__FICD.sec*)

.comment
 *(.comment)

.debug_info       0x000000       0x5366
 *(.debug_info)
 .debug_info      0x000000        0x249 build/default/production/spaceteam_main.o
 .debug_info      0x000249        0xbcd build/default/production/spaceteam_io.o
 .debug_info      0x000e16       0x144b build/default/production/spaceteam_display.o
 .debug_info      0x002261        0x56f build/default/production/spaceteam_spi.o
 .debug_info      0x0027d0        0x657 build/default/production/spaceteam_rfid.o
 .debug_info      0x002e27        0xece build/default/production/spaceteam_wireless.o
 .debug_info      0x003cf5       0x1199 build/default/production/spaceteam_game.o
 .debug_info      0x004e8e        0x4d8 build/default/production/spaceteam_msg.o
 *(.gnu.linkonce.wi.*)

.debug_abbrev     0x000000        0xbfe
 *(.debug_abbrev)
 .debug_abbrev    0x000000         0x94 build/default/production/spaceteam_main.o
 .debug_abbrev    0x000094        0x19e build/default/production/spaceteam_io.o
 .debug_abbrev    0x000232        0x1f9 build/default/production/spaceteam_display.o
 .debug_abbrev    0x00042b        0x126 build/default/production/spaceteam_spi.o
 .debug_abbrev    0x000551        0x14b build/default/production/spaceteam_rfid.o
 .debug_abbrev    0x00069c        0x203 build/default/production/spaceteam_wireless.o
 .debug_abbrev    0x00089f        0x260 build/default/production/spaceteam_game.o
 .debug_abbrev    0x000aff         0xff build/default/production/spaceteam_msg.o

.debug_line       0x000000       0x22f2
 *(.debug_line)
 .debug_line      0x000000         0xba build/default/production/spaceteam_main.o
 .debug_line      0x0000ba        0x3a7 build/default/production/spaceteam_io.o
 .debug_line      0x000461        0x856 build/default/production/spaceteam_display.o
 .debug_line      0x000cb7        0x1d6 build/default/production/spaceteam_spi.o
 .debug_line      0x000e8d        0x467 build/default/production/spaceteam_rfid.o
 .debug_line      0x0012f4        0x436 build/default/production/spaceteam_wireless.o
 .debug_line      0x00172a        0xa34 build/default/production/spaceteam_game.o
 .debug_line      0x00215e        0x194 build/default/production/spaceteam_msg.o

.debug_frame      0x000000        0x620
 *(.debug_frame)
 .debug_frame     0x000000         0x24 build/default/production/spaceteam_main.o
 .debug_frame     0x000024         0xc4 build/default/production/spaceteam_io.o
 .debug_frame     0x0000e8        0x164 build/default/production/spaceteam_display.o
 .debug_frame     0x00024c         0x64 build/default/production/spaceteam_spi.o
 .debug_frame     0x0002b0         0xa4 build/default/production/spaceteam_rfid.o
 .debug_frame     0x000354         0xf4 build/default/production/spaceteam_wireless.o
 .debug_frame     0x000448        0x1a4 build/default/production/spaceteam_game.o
 .debug_frame     0x0005ec         0x34 build/default/production/spaceteam_msg.o

.debug_str        0x000000        0x3d1
 *(.debug_str)
 .debug_str       0x000000         0x6b build/default/production/spaceteam_io.o
 .debug_str       0x00006b        0x1f7 build/default/production/spaceteam_display.o
 .debug_str       0x000262         0x31 build/default/production/spaceteam_spi.o
 .debug_str       0x000293         0x22 build/default/production/spaceteam_rfid.o
 .debug_str       0x0002b5         0x4a build/default/production/spaceteam_wireless.o
 .debug_str       0x0002ff         0xb6 build/default/production/spaceteam_game.o
 .debug_str       0x0003b5         0x1c build/default/production/spaceteam_msg.o

.debug_loc
 *(.debug_loc)

.debug_macinfo
 *(.debug_macinfo)

.debug_pubnames
                  0x000000        0xb93
 *(.debug_pubnames)
 .debug_pubnames
                  0x000000         0x1b build/default/production/spaceteam_main.o
 .debug_pubnames
                  0x00001b        0x114 build/default/production/spaceteam_io.o
 .debug_pubnames
                  0x00012f        0x471 build/default/production/spaceteam_display.o
 .debug_pubnames
                  0x0005a0         0x6a build/default/production/spaceteam_spi.o
 .debug_pubnames
                  0x00060a         0xbc build/default/production/spaceteam_rfid.o
 .debug_pubnames
                  0x0006c6        0x1a3 build/default/production/spaceteam_wireless.o
 .debug_pubnames
                  0x000869        0x2e6 build/default/production/spaceteam_game.o
 .debug_pubnames
                  0x000b4f         0x44 build/default/production/spaceteam_msg.o

.debug_ranges
 *(.debug_ranges)

.debug_aranges    0x000000         0xc0
 *(.debug_aranges)
 .debug_aranges
                  0x000000         0x18 build/default/production/spaceteam_main.o
 .debug_aranges
                  0x000018         0x18 build/default/production/spaceteam_io.o
 .debug_aranges
                  0x000030         0x18 build/default/production/spaceteam_display.o
 .debug_aranges
                  0x000048         0x18 build/default/production/spaceteam_spi.o
 .debug_aranges
                  0x000060         0x18 build/default/production/spaceteam_rfid.o
 .debug_aranges
                  0x000078         0x18 build/default/production/spaceteam_wireless.o
 .debug_aranges
                  0x000090         0x18 build/default/production/spaceteam_game.o
 .debug_aranges
                  0x0000a8         0x18 build/default/production/spaceteam_msg.o

.ivt              0x000004         0xfc
                  0x000004          0x4 LONG 0x294 DEFINED (__ReservedTrap0)?ABSOLUTE (__ReservedTrap0):ABSOLUTE (__DefaultInterrupt)
                  0x000006          0x4 LONG 0x294 DEFINED (__OscillatorFail)?ABSOLUTE (__OscillatorFail):ABSOLUTE (__DefaultInterrupt)
                  0x000008          0x4 LONG 0x294 DEFINED (__AddressError)?ABSOLUTE (__AddressError):ABSOLUTE (__DefaultInterrupt)
                  0x00000a          0x4 LONG 0x294 DEFINED (__StackError)?ABSOLUTE (__StackError):ABSOLUTE (__DefaultInterrupt)
                  0x00000c          0x4 LONG 0x294 DEFINED (__MathError)?ABSOLUTE (__MathError):ABSOLUTE (__DefaultInterrupt)
                  0x00000e          0x4 LONG 0x294 DEFINED (__ReservedTrap5)?ABSOLUTE (__ReservedTrap5):ABSOLUTE (__DefaultInterrupt)
                  0x000010          0x4 LONG 0x294 DEFINED (__ReservedTrap6)?ABSOLUTE (__ReservedTrap6):ABSOLUTE (__DefaultInterrupt)
                  0x000012          0x4 LONG 0x294 DEFINED (__ReservedTrap7)?ABSOLUTE (__ReservedTrap7):ABSOLUTE (__DefaultInterrupt)
                  0x000014          0x4 LONG 0x294 DEFINED (__INT0Interrupt)?ABSOLUTE (__INT0Interrupt):ABSOLUTE (__DefaultInterrupt)
                  0x000016          0x4 LONG 0x294 DEFINED (__Interrupt1)?ABSOLUTE (__Interrupt1):ABSOLUTE (__DefaultInterrupt)
                  0x000018          0x4 LONG 0x294 DEFINED (__CCP1Interrupt)?ABSOLUTE (__CCP1Interrupt):ABSOLUTE (__DefaultInterrupt)
                  0x00001a          0x4 LONG 0x690 DEFINED (__T1Interrupt)?ABSOLUTE (__T1Interrupt):ABSOLUTE (__DefaultInterrupt)
                  0x00001c          0x4 LONG 0x294 DEFINED (__Interrupt4)?ABSOLUTE (__Interrupt4):ABSOLUTE (__DefaultInterrupt)
                  0x00001e          0x4 LONG 0x294 DEFINED (__Interrupt5)?ABSOLUTE (__Interrupt5):ABSOLUTE (__DefaultInterrupt)
                  0x000020          0x4 LONG 0x294 DEFINED (__CCP2Interrupt)?ABSOLUTE (__CCP2Interrupt):ABSOLUTE (__DefaultInterrupt)
                  0x000022          0x4 LONG 0x75c DEFINED (__T2Interrupt)?ABSOLUTE (__T2Interrupt):ABSOLUTE (__DefaultInterrupt)
                  0x000024          0x4 LONG 0x294 DEFINED (__T3Interrupt)?ABSOLUTE (__T3Interrupt):ABSOLUTE (__DefaultInterrupt)
                  0x000026          0x4 LONG 0x294 DEFINED (__Interrupt9)?ABSOLUTE (__Interrupt9):ABSOLUTE (__DefaultInterrupt)
                  0x000028          0x4 LONG 0x294 DEFINED (__Interrupt10)?ABSOLUTE (__Interrupt10):ABSOLUTE (__DefaultInterrupt)
                  0x00002a          0x4 LONG 0x294 DEFINED (__U1RXInterrupt)?ABSOLUTE (__U1RXInterrupt):ABSOLUTE (__DefaultInterrupt)
                  0x00002c          0x4 LONG 0x294 DEFINED (__U1TXInterrupt)?ABSOLUTE (__U1TXInterrupt):ABSOLUTE (__DefaultInterrupt)
                  0x00002e          0x4 LONG 0x294 DEFINED (__ADC1Interrupt)?ABSOLUTE (__ADC1Interrupt):ABSOLUTE (__DefaultInterrupt)
                  0x000030          0x4 LONG 0x294 DEFINED (__Interrupt14)?ABSOLUTE (__Interrupt14):ABSOLUTE (__DefaultInterrupt)
                  0x000032          0x4 LONG 0x294 DEFINED (__NVMWriteInterrupt)?ABSOLUTE (__NVMWriteInterrupt):ABSOLUTE (__DefaultInterrupt)
                  0x000034          0x4 LONG 0x294 DEFINED (__MSSP1Interrupt)?ABSOLUTE (__MSSP1Interrupt):ABSOLUTE (__DefaultInterrupt)
                  0x000036          0x4 LONG 0x294 DEFINED (__MSSP1BCInterrupt)?ABSOLUTE (__MSSP1BCInterrupt):ABSOLUTE (__DefaultInterrupt)
                  0x000038          0x4 LONG 0x294 DEFINED (__CompInterrupt)?ABSOLUTE (__CompInterrupt):ABSOLUTE (__DefaultInterrupt)
                  0x00003a          0x4 LONG 0x294 DEFINED (__CNInterrupt)?ABSOLUTE (__CNInterrupt):ABSOLUTE (__DefaultInterrupt)
                  0x00003c          0x4 LONG 0x294 DEFINED (__INT1Interrupt)?ABSOLUTE (__INT1Interrupt):ABSOLUTE (__DefaultInterrupt)
                  0x00003e          0x4 LONG 0x294 DEFINED (__Interrupt21)?ABSOLUTE (__Interrupt21):ABSOLUTE (__DefaultInterrupt)
                  0x000040          0x4 LONG 0x294 DEFINED (__Interrupt22)?ABSOLUTE (__Interrupt22):ABSOLUTE (__DefaultInterrupt)
                  0x000042          0x4 LONG 0x294 DEFINED (__Interrupt23)?ABSOLUTE (__Interrupt23):ABSOLUTE (__DefaultInterrupt)
                  0x000044          0x4 LONG 0x294 DEFINED (__Interrupt24)?ABSOLUTE (__Interrupt24):ABSOLUTE (__DefaultInterrupt)
                  0x000046          0x4 LONG 0x294 DEFINED (__CCP3Interrupt)?ABSOLUTE (__CCP3Interrupt):ABSOLUTE (__DefaultInterrupt)
                  0x000048          0x4 LONG 0x294 DEFINED (__Interrupt26)?ABSOLUTE (__Interrupt26):ABSOLUTE (__DefaultInterrupt)
                  0x00004a          0x4 LONG 0xbe6 DEFINED (__T4Interrupt)?ABSOLUTE (__T4Interrupt):ABSOLUTE (__DefaultInterrupt)
                  0x00004c          0x4 LONG 0x294 DEFINED (__Interrupt28)?ABSOLUTE (__Interrupt28):ABSOLUTE (__DefaultInterrupt)
                  0x00004e          0x4 LONG 0x15da DEFINED (__INT2Interrupt)?ABSOLUTE (__INT2Interrupt):ABSOLUTE (__DefaultInterrupt)
                  0x000050          0x4 LONG 0x294 DEFINED (__U2RXInterrupt)?ABSOLUTE (__U2RXInterrupt):ABSOLUTE (__DefaultInterrupt)
                  0x000052          0x4 LONG 0x294 DEFINED (__U2TXInterrupt)?ABSOLUTE (__U2TXInterrupt):ABSOLUTE (__DefaultInterrupt)
                  0x000054          0x4 LONG 0x294 DEFINED (__Interrupt32)?ABSOLUTE (__Interrupt32):ABSOLUTE (__DefaultInterrupt)
                  0x000056          0x4 LONG 0x294 DEFINED (__Interrupt33)?ABSOLUTE (__Interrupt33):ABSOLUTE (__DefaultInterrupt)
                  0x000058          0x4 LONG 0x294 DEFINED (__Interrupt34)?ABSOLUTE (__Interrupt34):ABSOLUTE (__DefaultInterrupt)
                  0x00005a          0x4 LONG 0x294 DEFINED (__Interrupt35)?ABSOLUTE (__Interrupt35):ABSOLUTE (__DefaultInterrupt)
                  0x00005c          0x4 LONG 0x294 DEFINED (__Interrupt36)?ABSOLUTE (__Interrupt36):ABSOLUTE (__DefaultInterrupt)
                  0x00005e          0x4 LONG 0x294 DEFINED (__T3GInterrupt)?ABSOLUTE (__T3GInterrupt):ABSOLUTE (__DefaultInterrupt)
                  0x000060          0x4 LONG 0x294 DEFINED (__Interrupt38)?ABSOLUTE (__Interrupt38):ABSOLUTE (__DefaultInterrupt)
                  0x000062          0x4 LONG 0x294 DEFINED (__Interrupt39)?ABSOLUTE (__Interrupt39):ABSOLUTE (__DefaultInterrupt)
                  0x000064          0x4 LONG 0x294 DEFINED (__Interrupt40)?ABSOLUTE (__Interrupt40):ABSOLUTE (__DefaultInterrupt)
                  0x000066          0x4 LONG 0x294 DEFINED (__Interrupt41)?ABSOLUTE (__Interrupt41):ABSOLUTE (__DefaultInterrupt)
                  0x000068          0x4 LONG 0x294 DEFINED (__Interrupt42)?ABSOLUTE (__Interrupt42):ABSOLUTE (__DefaultInterrupt)
                  0x00006a          0x4 LONG 0x294 DEFINED (__Interrupt43)?ABSOLUTE (__Interrupt43):ABSOLUTE (__DefaultInterrupt)
                  0x00006c          0x4 LONG 0x294 DEFINED (__Interrupt44)?ABSOLUTE (__Interrupt44):ABSOLUTE (__DefaultInterrupt)
                  0x00006e          0x4 LONG 0x294 DEFINED (__Interrupt45)?ABSOLUTE (__Interrupt45):ABSOLUTE (__DefaultInterrupt)
                  0x000070          0x4 LONG 0x294 DEFINED (__Interrupt46)?ABSOLUTE (__Interrupt46):ABSOLUTE (__DefaultInterrupt)
                  0x000072          0x4 LONG 0x294 DEFINED (__Interrupt47)?ABSOLUTE (__Interrupt47):ABSOLUTE (__DefaultInterrupt)
                  0x000074          0x4 LONG 0x294 DEFINED (__Interrupt48)?ABSOLUTE (__Interrupt48):ABSOLUTE (__DefaultInterrupt)
                  0x000076          0x4 LONG 0x294 DEFINED (__MSSP2Interrupt)?ABSOLUTE (__MSSP2Interrupt):ABSOLUTE (__DefaultInterrupt)
                  0x000078          0x4 LONG 0x294 DEFINED (__MSSP2BCInterrupt)?ABSOLUTE (__MSSP2BCInterrupt):ABSOLUTE (__DefaultInterrupt)
                  0x00007a          0x4 LONG 0x294 DEFINED (__Interrupt51)?ABSOLUTE (__Interrupt51):ABSOLUTE (__DefaultInterrupt)
                  0x00007c          0x4 LONG 0x294 DEFINED (__Interrupt52)?ABSOLUTE (__Interrupt52):ABSOLUTE (__DefaultInterrupt)
                  0x00007e          0x4 LONG 0x294 DEFINED (__Interrupt53)?ABSOLUTE (__Interrupt53):ABSOLUTE (__DefaultInterrupt)
                  0x000080          0x4 LONG 0x294 DEFINED (__Interrupt54)?ABSOLUTE (__Interrupt54):ABSOLUTE (__DefaultInterrupt)
                  0x000082          0x4 LONG 0x294 DEFINED (__Interrupt55)?ABSOLUTE (__Interrupt55):ABSOLUTE (__DefaultInterrupt)
                  0x000084          0x4 LONG 0x294 DEFINED (__Interrupt56)?ABSOLUTE (__Interrupt56):ABSOLUTE (__DefaultInterrupt)
                  0x000086          0x4 LONG 0x294 DEFINED (__Interrupt57)?ABSOLUTE (__Interrupt57):ABSOLUTE (__DefaultInterrupt)
                  0x000088          0x4 LONG 0x294 DEFINED (__Interrupt58)?ABSOLUTE (__Interrupt58):ABSOLUTE (__DefaultInterrupt)
                  0x00008a          0x4 LONG 0x294 DEFINED (__Interrupt59)?ABSOLUTE (__Interrupt59):ABSOLUTE (__DefaultInterrupt)
                  0x00008c          0x4 LONG 0x294 DEFINED (__Interrupt60)?ABSOLUTE (__Interrupt60):ABSOLUTE (__DefaultInterrupt)
                  0x00008e          0x4 LONG 0x294 DEFINED (__Interrupt61)?ABSOLUTE (__Interrupt61):ABSOLUTE (__DefaultInterrupt)
                  0x000090          0x4 LONG 0x294 DEFINED (__Interrupt62)?ABSOLUTE (__Interrupt62):ABSOLUTE (__DefaultInterrupt)
                  0x000092          0x4 LONG 0x294 DEFINED (__Interrupt63)?ABSOLUTE (__Interrupt63):ABSOLUTE (__DefaultInterrupt)
                  0x000094          0x4 LONG 0x294 DEFINED (__Interrupt64)?ABSOLUTE (__Interrupt64):ABSOLUTE (__DefaultInterrupt)
                  0x000096          0x4 LONG 0x294 DEFINED (__U1ErrInterrupt)?ABSOLUTE (__U1ErrInterrupt):ABSOLUTE (__DefaultInterrupt)
                  0x000098          0x4 LONG 0x294 DEFINED (__U2ErrInterrupt)?ABSOLUTE (__U2ErrInterrupt):ABSOLUTE (__DefaultInterrupt)
                  0x00009a          0x4 LONG 0x294 DEFINED (__Interrupt67)?ABSOLUTE (__Interrupt67):ABSOLUTE (__DefaultInterrupt)
                  0x00009c          0x4 LONG 0x294 DEFINED (__Interrupt68)?ABSOLUTE (__Interrupt68):ABSOLUTE (__DefaultInterrupt)
                  0x00009e          0x4 LONG 0x294 DEFINED (__Interrupt69)?ABSOLUTE (__Interrupt69):ABSOLUTE (__DefaultInterrupt)
                  0x0000a0          0x4 LONG 0x294 DEFINED (__Interrupt70)?ABSOLUTE (__Interrupt70):ABSOLUTE (__DefaultInterrupt)
                  0x0000a2          0x4 LONG 0x294 DEFINED (__Interrupt71)?ABSOLUTE (__Interrupt71):ABSOLUTE (__DefaultInterrupt)
                  0x0000a4          0x4 LONG 0x294 DEFINED (__HLVDInterrupt)?ABSOLUTE (__HLVDInterrupt):ABSOLUTE (__DefaultInterrupt)
                  0x0000a6          0x4 LONG 0x294 DEFINED (__Interrupt73)?ABSOLUTE (__Interrupt73):ABSOLUTE (__DefaultInterrupt)
                  0x0000a8          0x4 LONG 0x294 DEFINED (__Interrupt74)?ABSOLUTE (__Interrupt74):ABSOLUTE (__DefaultInterrupt)
                  0x0000aa          0x4 LONG 0x294 DEFINED (__Interrupt75)?ABSOLUTE (__Interrupt75):ABSOLUTE (__DefaultInterrupt)
                  0x0000ac          0x4 LONG 0x294 DEFINED (__Interrupt76)?ABSOLUTE (__Interrupt76):ABSOLUTE (__DefaultInterrupt)
                  0x0000ae          0x4 LONG 0x294 DEFINED (__Interrupt77)?ABSOLUTE (__Interrupt77):ABSOLUTE (__DefaultInterrupt)
                  0x0000b0          0x4 LONG 0x294 DEFINED (__Interrupt78)?ABSOLUTE (__Interrupt78):ABSOLUTE (__DefaultInterrupt)
                  0x0000b2          0x4 LONG 0x294 DEFINED (__Interrupt79)?ABSOLUTE (__Interrupt79):ABSOLUTE (__DefaultInterrupt)
                  0x0000b4          0x4 LONG 0x294 DEFINED (__ULPWUInterrupt)?ABSOLUTE (__ULPWUInterrupt):ABSOLUTE (__DefaultInterrupt)
                  0x0000b6          0x4 LONG 0x294 DEFINED (__Interrupt81)?ABSOLUTE (__Interrupt81):ABSOLUTE (__DefaultInterrupt)
                  0x0000b8          0x4 LONG 0x294 DEFINED (__Interrupt82)?ABSOLUTE (__Interrupt82):ABSOLUTE (__DefaultInterrupt)
                  0x0000ba          0x4 LONG 0x294 DEFINED (__Interrupt83)?ABSOLUTE (__Interrupt83):ABSOLUTE (__DefaultInterrupt)
                  0x0000bc          0x4 LONG 0x294 DEFINED (__Interrupt84)?ABSOLUTE (__Interrupt84):ABSOLUTE (__DefaultInterrupt)
                  0x0000be          0x4 LONG 0x294 DEFINED (__Interrupt85)?ABSOLUTE (__Interrupt85):ABSOLUTE (__DefaultInterrupt)
                  0x0000c0          0x4 LONG 0x294 DEFINED (__Interrupt86)?ABSOLUTE (__Interrupt86):ABSOLUTE (__DefaultInterrupt)
                  0x0000c2          0x4 LONG 0x294 DEFINED (__Interrupt87)?ABSOLUTE (__Interrupt87):ABSOLUTE (__DefaultInterrupt)
                  0x0000c4          0x4 LONG 0x294 DEFINED (__Interrupt88)?ABSOLUTE (__Interrupt88):ABSOLUTE (__DefaultInterrupt)
                  0x0000c6          0x4 LONG 0x294 DEFINED (__Interrupt89)?ABSOLUTE (__Interrupt89):ABSOLUTE (__DefaultInterrupt)
                  0x0000c8          0x4 LONG 0x294 DEFINED (__Interrupt90)?ABSOLUTE (__Interrupt90):ABSOLUTE (__DefaultInterrupt)
                  0x0000ca          0x4 LONG 0x294 DEFINED (__Interrupt91)?ABSOLUTE (__Interrupt91):ABSOLUTE (__DefaultInterrupt)
                  0x0000cc          0x4 LONG 0x294 DEFINED (__Interrupt92)?ABSOLUTE (__Interrupt92):ABSOLUTE (__DefaultInterrupt)
                  0x0000ce          0x4 LONG 0x294 DEFINED (__Interrupt93)?ABSOLUTE (__Interrupt93):ABSOLUTE (__DefaultInterrupt)
                  0x0000d0          0x4 LONG 0x294 DEFINED (__Interrupt94)?ABSOLUTE (__Interrupt94):ABSOLUTE (__DefaultInterrupt)
                  0x0000d2          0x4 LONG 0x294 DEFINED (__Interrupt95)?ABSOLUTE (__Interrupt95):ABSOLUTE (__DefaultInterrupt)
                  0x0000d4          0x4 LONG 0x294 DEFINED (__Interrupt96)?ABSOLUTE (__Interrupt96):ABSOLUTE (__DefaultInterrupt)
                  0x0000d6          0x4 LONG 0x294 DEFINED (__Interrupt97)?ABSOLUTE (__Interrupt97):ABSOLUTE (__DefaultInterrupt)
                  0x0000d8          0x4 LONG 0x294 DEFINED (__Interrupt98)?ABSOLUTE (__Interrupt98):ABSOLUTE (__DefaultInterrupt)
                  0x0000da          0x4 LONG 0x294 DEFINED (__Interrupt99)?ABSOLUTE (__Interrupt99):ABSOLUTE (__DefaultInterrupt)
                  0x0000dc          0x4 LONG 0x294 DEFINED (__Interrupt100)?ABSOLUTE (__Interrupt100):ABSOLUTE (__DefaultInterrupt)
                  0x0000de          0x4 LONG 0x294 DEFINED (__Interrupt101)?ABSOLUTE (__Interrupt101):ABSOLUTE (__DefaultInterrupt)
                  0x0000e0          0x4 LONG 0x294 DEFINED (__Interrupt102)?ABSOLUTE (__Interrupt102):ABSOLUTE (__DefaultInterrupt)
                  0x0000e2          0x4 LONG 0x294 DEFINED (__Interrupt103)?ABSOLUTE (__Interrupt103):ABSOLUTE (__DefaultInterrupt)
                  0x0000e4          0x4 LONG 0x294 DEFINED (__Interrupt104)?ABSOLUTE (__Interrupt104):ABSOLUTE (__DefaultInterrupt)
                  0x0000e6          0x4 LONG 0x294 DEFINED (__Interrupt105)?ABSOLUTE (__Interrupt105):ABSOLUTE (__DefaultInterrupt)
                  0x0000e8          0x4 LONG 0x294 DEFINED (__Interrupt106)?ABSOLUTE (__Interrupt106):ABSOLUTE (__DefaultInterrupt)
                  0x0000ea          0x4 LONG 0x294 DEFINED (__Interrupt107)?ABSOLUTE (__Interrupt107):ABSOLUTE (__DefaultInterrupt)
                  0x0000ec          0x4 LONG 0x294 DEFINED (__Interrupt108)?ABSOLUTE (__Interrupt108):ABSOLUTE (__DefaultInterrupt)
                  0x0000ee          0x4 LONG 0x294 DEFINED (__Interrupt109)?ABSOLUTE (__Interrupt109):ABSOLUTE (__DefaultInterrupt)
                  0x0000f0          0x4 LONG 0x294 DEFINED (__Interrupt110)?ABSOLUTE (__Interrupt110):ABSOLUTE (__DefaultInterrupt)
                  0x0000f2          0x4 LONG 0x294 DEFINED (__Interrupt111)?ABSOLUTE (__Interrupt111):ABSOLUTE (__DefaultInterrupt)
                  0x0000f4          0x4 LONG 0x294 DEFINED (__Interrupt112)?ABSOLUTE (__Interrupt112):ABSOLUTE (__DefaultInterrupt)
                  0x0000f6          0x4 LONG 0x294 DEFINED (__Interrupt113)?ABSOLUTE (__Interrupt113):ABSOLUTE (__DefaultInterrupt)
                  0x0000f8          0x4 LONG 0x294 DEFINED (__Interrupt114)?ABSOLUTE (__Interrupt114):ABSOLUTE (__DefaultInterrupt)
                  0x0000fa          0x4 LONG 0x294 DEFINED (__Interrupt115)?ABSOLUTE (__Interrupt115):ABSOLUTE (__DefaultInterrupt)
                  0x0000fc          0x4 LONG 0x294 DEFINED (__Interrupt116)?ABSOLUTE (__Interrupt116):ABSOLUTE (__DefaultInterrupt)
                  0x0000fe          0x4 LONG 0x294 DEFINED (__Interrupt117)?ABSOLUTE (__Interrupt117):ABSOLUTE (__DefaultInterrupt)

.aivt             0x000104         0xfc
                  0x000104          0x4 LONG 0x294 DEFINED (__AltReservedTrap0)?ABSOLUTE (__AltReservedTrap0):DEFINED (__ReservedTrap0)?ABSOLUTE (__ReservedTrap0):ABSOLUTE (__DefaultInterrupt)
                  0x000106          0x4 LONG 0x294 DEFINED (__AltOscillatorFail)?ABSOLUTE (__AltOscillatorFail):DEFINED (__OscillatorFail)?ABSOLUTE (__OscillatorFail):ABSOLUTE (__DefaultInterrupt)
                  0x000108          0x4 LONG 0x294 DEFINED (__AltAddressError)?ABSOLUTE (__AltAddressError):DEFINED (__AddressError)?ABSOLUTE (__AddressError):ABSOLUTE (__DefaultInterrupt)
                  0x00010a          0x4 LONG 0x294 DEFINED (__AltStackError)?ABSOLUTE (__AltStackError):DEFINED (__StackError)?ABSOLUTE (__StackError):ABSOLUTE (__DefaultInterrupt)
                  0x00010c          0x4 LONG 0x294 DEFINED (__AltMathError)?ABSOLUTE (__AltMathError):DEFINED (__MathError)?ABSOLUTE (__MathError):ABSOLUTE (__DefaultInterrupt)
                  0x00010e          0x4 LONG 0x294 DEFINED (__AltReservedTrap5)?ABSOLUTE (__AltReservedTrap5):DEFINED (__ReservedTrap5)?ABSOLUTE (__ReservedTrap5):ABSOLUTE (__DefaultInterrupt)
                  0x000110          0x4 LONG 0x294 DEFINED (__AltReservedTrap6)?ABSOLUTE (__AltReservedTrap6):DEFINED (__ReservedTrap6)?ABSOLUTE (__ReservedTrap6):ABSOLUTE (__DefaultInterrupt)
                  0x000112          0x4 LONG 0x294 DEFINED (__AltReservedTrap7)?ABSOLUTE (__AltReservedTrap7):DEFINED (__ReservedTrap7)?ABSOLUTE (__ReservedTrap7):ABSOLUTE (__DefaultInterrupt)
                  0x000114          0x4 LONG 0x294 DEFINED (__AltINT0Interrupt)?ABSOLUTE (__AltINT0Interrupt):DEFINED (__INT0Interrupt)?ABSOLUTE (__INT0Interrupt):ABSOLUTE (__DefaultInterrupt)
                  0x000116          0x4 LONG 0x294 DEFINED (__AltInterrupt1)?ABSOLUTE (__AltInterrupt1):DEFINED (__Interrupt1)?ABSOLUTE (__Interrupt1):ABSOLUTE (__DefaultInterrupt)
                  0x000118          0x4 LONG 0x294 DEFINED (__AltCCP1Interrupt)?ABSOLUTE (__AltCCP1Interrupt):DEFINED (__CCP1Interrupt)?ABSOLUTE (__CCP1Interrupt):ABSOLUTE (__DefaultInterrupt)
                  0x00011a          0x4 LONG 0x690 DEFINED (__AltT1Interrupt)?ABSOLUTE (__AltT1Interrupt):DEFINED (__T1Interrupt)?ABSOLUTE (__T1Interrupt):ABSOLUTE (__DefaultInterrupt)
                  0x00011c          0x4 LONG 0x294 DEFINED (__AltInterrupt4)?ABSOLUTE (__AltInterrupt4):DEFINED (__Interrupt4)?ABSOLUTE (__Interrupt4):ABSOLUTE (__DefaultInterrupt)
                  0x00011e          0x4 LONG 0x294 DEFINED (__AltInterrupt5)?ABSOLUTE (__AltInterrupt5):DEFINED (__Interrupt5)?ABSOLUTE (__Interrupt5):ABSOLUTE (__DefaultInterrupt)
                  0x000120          0x4 LONG 0x294 DEFINED (__AltCCP2Interrupt)?ABSOLUTE (__AltCCP2Interrupt):DEFINED (__CCP2Interrupt)?ABSOLUTE (__CCP2Interrupt):ABSOLUTE (__DefaultInterrupt)
                  0x000122          0x4 LONG 0x75c DEFINED (__AltT2Interrupt)?ABSOLUTE (__AltT2Interrupt):DEFINED (__T2Interrupt)?ABSOLUTE (__T2Interrupt):ABSOLUTE (__DefaultInterrupt)
                  0x000124          0x4 LONG 0x294 DEFINED (__AltT3Interrupt)?ABSOLUTE (__AltT3Interrupt):DEFINED (__T3Interrupt)?ABSOLUTE (__T3Interrupt):ABSOLUTE (__DefaultInterrupt)
                  0x000126          0x4 LONG 0x294 DEFINED (__AltInterrupt9)?ABSOLUTE (__AltInterrupt9):DEFINED (__Interrupt9)?ABSOLUTE (__Interrupt9):ABSOLUTE (__DefaultInterrupt)
                  0x000128          0x4 LONG 0x294 DEFINED (__AltInterrupt10)?ABSOLUTE (__AltInterrupt10):DEFINED (__Interrupt10)?ABSOLUTE (__Interrupt10):ABSOLUTE (__DefaultInterrupt)
                  0x00012a          0x4 LONG 0x294 DEFINED (__AltU1RXInterrupt)?ABSOLUTE (__AltU1RXInterrupt):DEFINED (__U1RXInterrupt)?ABSOLUTE (__U1RXInterrupt):ABSOLUTE (__DefaultInterrupt)
                  0x00012c          0x4 LONG 0x294 DEFINED (__AltU1TXInterrupt)?ABSOLUTE (__AltU1TXInterrupt):DEFINED (__U1TXInterrupt)?ABSOLUTE (__U1TXInterrupt):ABSOLUTE (__DefaultInterrupt)
                  0x00012e          0x4 LONG 0x294 DEFINED (__AltADC1Interrupt)?ABSOLUTE (__AltADC1Interrupt):DEFINED (__ADC1Interrupt)?ABSOLUTE (__ADC1Interrupt):ABSOLUTE (__DefaultInterrupt)
                  0x000130          0x4 LONG 0x294 DEFINED (__AltInterrupt14)?ABSOLUTE (__AltInterrupt14):DEFINED (__Interrupt14)?ABSOLUTE (__Interrupt14):ABSOLUTE (__DefaultInterrupt)
                  0x000132          0x4 LONG 0x294 DEFINED (__AltNVMWriteInterrupt)?ABSOLUTE (__AltNVMWriteInterrupt):DEFINED (__NVMWriteInterrupt)?ABSOLUTE (__NVMWriteInterrupt):ABSOLUTE (__DefaultInterrupt)
                  0x000134          0x4 LONG 0x294 DEFINED (__AltMSSP1Interrupt)?ABSOLUTE (__AltMSSP1Interrupt):DEFINED (__MSSP1Interrupt)?ABSOLUTE (__MSSP1Interrupt):ABSOLUTE (__DefaultInterrupt)
                  0x000136          0x4 LONG 0x294 DEFINED (__AltMSSP1BCInterrupt)?ABSOLUTE (__AltMSSP1BCInterrupt):DEFINED (__MSSP1BCInterrupt)?ABSOLUTE (__MSSP1BCInterrupt):ABSOLUTE (__DefaultInterrupt)
                  0x000138          0x4 LONG 0x294 DEFINED (__AltCompInterrupt)?ABSOLUTE (__AltCompInterrupt):DEFINED (__CompInterrupt)?ABSOLUTE (__CompInterrupt):ABSOLUTE (__DefaultInterrupt)
                  0x00013a          0x4 LONG 0x294 DEFINED (__AltCNInterrupt)?ABSOLUTE (__AltCNInterrupt):DEFINED (__CNInterrupt)?ABSOLUTE (__CNInterrupt):ABSOLUTE (__DefaultInterrupt)
                  0x00013c          0x4 LONG 0x294 DEFINED (__AltINT1Interrupt)?ABSOLUTE (__AltINT1Interrupt):DEFINED (__INT1Interrupt)?ABSOLUTE (__INT1Interrupt):ABSOLUTE (__DefaultInterrupt)
                  0x00013e          0x4 LONG 0x294 DEFINED (__AltInterrupt21)?ABSOLUTE (__AltInterrupt21):DEFINED (__Interrupt21)?ABSOLUTE (__Interrupt21):ABSOLUTE (__DefaultInterrupt)
                  0x000140          0x4 LONG 0x294 DEFINED (__AltInterrupt22)?ABSOLUTE (__AltInterrupt22):DEFINED (__Interrupt22)?ABSOLUTE (__Interrupt22):ABSOLUTE (__DefaultInterrupt)
                  0x000142          0x4 LONG 0x294 DEFINED (__AltInterrupt23)?ABSOLUTE (__AltInterrupt23):DEFINED (__Interrupt23)?ABSOLUTE (__Interrupt23):ABSOLUTE (__DefaultInterrupt)
                  0x000144          0x4 LONG 0x294 DEFINED (__AltInterrupt24)?ABSOLUTE (__AltInterrupt24):DEFINED (__Interrupt24)?ABSOLUTE (__Interrupt24):ABSOLUTE (__DefaultInterrupt)
                  0x000146          0x4 LONG 0x294 DEFINED (__AltCCP3Interrupt)?ABSOLUTE (__AltCCP3Interrupt):DEFINED (__CCP3Interrupt)?ABSOLUTE (__CCP3Interrupt):ABSOLUTE (__DefaultInterrupt)
                  0x000148          0x4 LONG 0x294 DEFINED (__AltInterrupt26)?ABSOLUTE (__AltInterrupt26):DEFINED (__Interrupt26)?ABSOLUTE (__Interrupt26):ABSOLUTE (__DefaultInterrupt)
                  0x00014a          0x4 LONG 0xbe6 DEFINED (__AltT4Interrupt)?ABSOLUTE (__AltT4Interrupt):DEFINED (__T4Interrupt)?ABSOLUTE (__T4Interrupt):ABSOLUTE (__DefaultInterrupt)
                  0x00014c          0x4 LONG 0x294 DEFINED (__AltInterrupt28)?ABSOLUTE (__AltInterrupt28):DEFINED (__Interrupt28)?ABSOLUTE (__Interrupt28):ABSOLUTE (__DefaultInterrupt)
                  0x00014e          0x4 LONG 0x15da DEFINED (__AltINT2Interrupt)?ABSOLUTE (__AltINT2Interrupt):DEFINED (__INT2Interrupt)?ABSOLUTE (__INT2Interrupt):ABSOLUTE (__DefaultInterrupt)
                  0x000150          0x4 LONG 0x294 DEFINED (__AltU2RXInterrupt)?ABSOLUTE (__AltU2RXInterrupt):DEFINED (__U2RXInterrupt)?ABSOLUTE (__U2RXInterrupt):ABSOLUTE (__DefaultInterrupt)
                  0x000152          0x4 LONG 0x294 DEFINED (__AltU2TXInterrupt)?ABSOLUTE (__AltU2TXInterrupt):DEFINED (__U2TXInterrupt)?ABSOLUTE (__U2TXInterrupt):ABSOLUTE (__DefaultInterrupt)
                  0x000154          0x4 LONG 0x294 DEFINED (__AltInterrupt32)?ABSOLUTE (__AltInterrupt32):DEFINED (__Interrupt32)?ABSOLUTE (__Interrupt32):ABSOLUTE (__DefaultInterrupt)
                  0x000156          0x4 LONG 0x294 DEFINED (__AltInterrupt33)?ABSOLUTE (__AltInterrupt33):DEFINED (__Interrupt33)?ABSOLUTE (__Interrupt33):ABSOLUTE (__DefaultInterrupt)
                  0x000158          0x4 LONG 0x294 DEFINED (__AltInterrupt34)?ABSOLUTE (__AltInterrupt34):DEFINED (__Interrupt34)?ABSOLUTE (__Interrupt34):ABSOLUTE (__DefaultInterrupt)
                  0x00015a          0x4 LONG 0x294 DEFINED (__AltInterrupt35)?ABSOLUTE (__AltInterrupt35):DEFINED (__Interrupt35)?ABSOLUTE (__Interrupt35):ABSOLUTE (__DefaultInterrupt)
                  0x00015c          0x4 LONG 0x294 DEFINED (__AltInterrupt36)?ABSOLUTE (__AltInterrupt36):DEFINED (__Interrupt36)?ABSOLUTE (__Interrupt36):ABSOLUTE (__DefaultInterrupt)
                  0x00015e          0x4 LONG 0x294 DEFINED (__AltT3GInterrupt)?ABSOLUTE (__AltT3GInterrupt):DEFINED (__T3GInterrupt)?ABSOLUTE (__T3GInterrupt):ABSOLUTE (__DefaultInterrupt)
                  0x000160          0x4 LONG 0x294 DEFINED (__AltInterrupt38)?ABSOLUTE (__AltInterrupt38):DEFINED (__Interrupt38)?ABSOLUTE (__Interrupt38):ABSOLUTE (__DefaultInterrupt)
                  0x000162          0x4 LONG 0x294 DEFINED (__AltInterrupt39)?ABSOLUTE (__AltInterrupt39):DEFINED (__Interrupt39)?ABSOLUTE (__Interrupt39):ABSOLUTE (__DefaultInterrupt)
                  0x000164          0x4 LONG 0x294 DEFINED (__AltInterrupt40)?ABSOLUTE (__AltInterrupt40):DEFINED (__Interrupt40)?ABSOLUTE (__Interrupt40):ABSOLUTE (__DefaultInterrupt)
                  0x000166          0x4 LONG 0x294 DEFINED (__AltInterrupt41)?ABSOLUTE (__AltInterrupt41):DEFINED (__Interrupt41)?ABSOLUTE (__Interrupt41):ABSOLUTE (__DefaultInterrupt)
                  0x000168          0x4 LONG 0x294 DEFINED (__AltInterrupt42)?ABSOLUTE (__AltInterrupt42):DEFINED (__Interrupt42)?ABSOLUTE (__Interrupt42):ABSOLUTE (__DefaultInterrupt)
                  0x00016a          0x4 LONG 0x294 DEFINED (__AltInterrupt43)?ABSOLUTE (__AltInterrupt43):DEFINED (__Interrupt43)?ABSOLUTE (__Interrupt43):ABSOLUTE (__DefaultInterrupt)
                  0x00016c          0x4 LONG 0x294 DEFINED (__AltInterrupt44)?ABSOLUTE (__AltInterrupt44):DEFINED (__Interrupt44)?ABSOLUTE (__Interrupt44):ABSOLUTE (__DefaultInterrupt)
                  0x00016e          0x4 LONG 0x294 DEFINED (__AltInterrupt45)?ABSOLUTE (__AltInterrupt45):DEFINED (__Interrupt45)?ABSOLUTE (__Interrupt45):ABSOLUTE (__DefaultInterrupt)
                  0x000170          0x4 LONG 0x294 DEFINED (__AltInterrupt46)?ABSOLUTE (__AltInterrupt46):DEFINED (__Interrupt46)?ABSOLUTE (__Interrupt46):ABSOLUTE (__DefaultInterrupt)
                  0x000172          0x4 LONG 0x294 DEFINED (__AltInterrupt47)?ABSOLUTE (__AltInterrupt47):DEFINED (__Interrupt47)?ABSOLUTE (__Interrupt47):ABSOLUTE (__DefaultInterrupt)
                  0x000174          0x4 LONG 0x294 DEFINED (__AltInterrupt48)?ABSOLUTE (__AltInterrupt48):DEFINED (__Interrupt48)?ABSOLUTE (__Interrupt48):ABSOLUTE (__DefaultInterrupt)
                  0x000176          0x4 LONG 0x294 DEFINED (__AltMSSP2Interrupt)?ABSOLUTE (__AltMSSP2Interrupt):DEFINED (__MSSP2Interrupt)?ABSOLUTE (__MSSP2Interrupt):ABSOLUTE (__DefaultInterrupt)
                  0x000178          0x4 LONG 0x294 DEFINED (__AltMSSP2BCInterrupt)?ABSOLUTE (__AltMSSP2BCInterrupt):DEFINED (__MSSP2BCInterrupt)?ABSOLUTE (__MSSP2BCInterrupt):ABSOLUTE (__DefaultInterrupt)
                  0x00017a          0x4 LONG 0x294 DEFINED (__AltInterrupt51)?ABSOLUTE (__AltInterrupt51):DEFINED (__Interrupt51)?ABSOLUTE (__Interrupt51):ABSOLUTE (__DefaultInterrupt)
                  0x00017c          0x4 LONG 0x294 DEFINED (__AltInterrupt52)?ABSOLUTE (__AltInterrupt52):DEFINED (__Interrupt52)?ABSOLUTE (__Interrupt52):ABSOLUTE (__DefaultInterrupt)
                  0x00017e          0x4 LONG 0x294 DEFINED (__AltInterrupt53)?ABSOLUTE (__AltInterrupt53):DEFINED (__Interrupt53)?ABSOLUTE (__Interrupt53):ABSOLUTE (__DefaultInterrupt)
                  0x000180          0x4 LONG 0x294 DEFINED (__AltInterrupt54)?ABSOLUTE (__AltInterrupt54):DEFINED (__Interrupt54)?ABSOLUTE (__Interrupt54):ABSOLUTE (__DefaultInterrupt)
                  0x000182          0x4 LONG 0x294 DEFINED (__AltInterrupt55)?ABSOLUTE (__AltInterrupt55):DEFINED (__Interrupt55)?ABSOLUTE (__Interrupt55):ABSOLUTE (__DefaultInterrupt)
                  0x000184          0x4 LONG 0x294 DEFINED (__AltInterrupt56)?ABSOLUTE (__AltInterrupt56):DEFINED (__Interrupt56)?ABSOLUTE (__Interrupt56):ABSOLUTE (__DefaultInterrupt)
                  0x000186          0x4 LONG 0x294 DEFINED (__AltInterrupt57)?ABSOLUTE (__AltInterrupt57):DEFINED (__Interrupt57)?ABSOLUTE (__Interrupt57):ABSOLUTE (__DefaultInterrupt)
                  0x000188          0x4 LONG 0x294 DEFINED (__AltInterrupt58)?ABSOLUTE (__AltInterrupt58):DEFINED (__Interrupt58)?ABSOLUTE (__Interrupt58):ABSOLUTE (__DefaultInterrupt)
                  0x00018a          0x4 LONG 0x294 DEFINED (__AltInterrupt59)?ABSOLUTE (__AltInterrupt59):DEFINED (__Interrupt59)?ABSOLUTE (__Interrupt59):ABSOLUTE (__DefaultInterrupt)
                  0x00018c          0x4 LONG 0x294 DEFINED (__AltInterrupt60)?ABSOLUTE (__AltInterrupt60):DEFINED (__Interrupt60)?ABSOLUTE (__Interrupt60):ABSOLUTE (__DefaultInterrupt)
                  0x00018e          0x4 LONG 0x294 DEFINED (__AltInterrupt61)?ABSOLUTE (__AltInterrupt61):DEFINED (__Interrupt61)?ABSOLUTE (__Interrupt61):ABSOLUTE (__DefaultInterrupt)
                  0x000190          0x4 LONG 0x294 DEFINED (__AltInterrupt62)?ABSOLUTE (__AltInterrupt62):DEFINED (__Interrupt62)?ABSOLUTE (__Interrupt62):ABSOLUTE (__DefaultInterrupt)
                  0x000192          0x4 LONG 0x294 DEFINED (__AltInterrupt63)?ABSOLUTE (__AltInterrupt63):DEFINED (__Interrupt63)?ABSOLUTE (__Interrupt63):ABSOLUTE (__DefaultInterrupt)
                  0x000194          0x4 LONG 0x294 DEFINED (__AltInterrupt64)?ABSOLUTE (__AltInterrupt64):DEFINED (__Interrupt64)?ABSOLUTE (__Interrupt64):ABSOLUTE (__DefaultInterrupt)
                  0x000196          0x4 LONG 0x294 DEFINED (__AltU1ErrInterrupt)?ABSOLUTE (__AltU1ErrInterrupt):DEFINED (__U1ErrInterrupt)?ABSOLUTE (__U1ErrInterrupt):ABSOLUTE (__DefaultInterrupt)
                  0x000198          0x4 LONG 0x294 DEFINED (__AltU2ErrInterrupt)?ABSOLUTE (__AltU2ErrInterrupt):DEFINED (__U2ErrInterrupt)?ABSOLUTE (__U2ErrInterrupt):ABSOLUTE (__DefaultInterrupt)
                  0x00019a          0x4 LONG 0x294 DEFINED (__AltInterrupt67)?ABSOLUTE (__AltInterrupt67):DEFINED (__Interrupt67)?ABSOLUTE (__Interrupt67):ABSOLUTE (__DefaultInterrupt)
                  0x00019c          0x4 LONG 0x294 DEFINED (__AltInterrupt68)?ABSOLUTE (__AltInterrupt68):DEFINED (__Interrupt68)?ABSOLUTE (__Interrupt68):ABSOLUTE (__DefaultInterrupt)
                  0x00019e          0x4 LONG 0x294 DEFINED (__AltInterrupt69)?ABSOLUTE (__AltInterrupt69):DEFINED (__Interrupt69)?ABSOLUTE (__Interrupt69):ABSOLUTE (__DefaultInterrupt)
                  0x0001a0          0x4 LONG 0x294 DEFINED (__AltInterrupt70)?ABSOLUTE (__AltInterrupt70):DEFINED (__Interrupt70)?ABSOLUTE (__Interrupt70):ABSOLUTE (__DefaultInterrupt)
                  0x0001a2          0x4 LONG 0x294 DEFINED (__AltInterrupt71)?ABSOLUTE (__AltInterrupt71):DEFINED (__Interrupt71)?ABSOLUTE (__Interrupt71):ABSOLUTE (__DefaultInterrupt)
                  0x0001a4          0x4 LONG 0x294 DEFINED (__AltHLVDInterrupt)?ABSOLUTE (__AltHLVDInterrupt):DEFINED (__HLVDInterrupt)?ABSOLUTE (__HLVDInterrupt):ABSOLUTE (__DefaultInterrupt)
                  0x0001a6          0x4 LONG 0x294 DEFINED (__AltInterrupt73)?ABSOLUTE (__AltInterrupt73):DEFINED (__Interrupt73)?ABSOLUTE (__Interrupt73):ABSOLUTE (__DefaultInterrupt)
                  0x0001a8          0x4 LONG 0x294 DEFINED (__AltInterrupt74)?ABSOLUTE (__AltInterrupt74):DEFINED (__Interrupt74)?ABSOLUTE (__Interrupt74):ABSOLUTE (__DefaultInterrupt)
                  0x0001aa          0x4 LONG 0x294 DEFINED (__AltInterrupt75)?ABSOLUTE (__AltInterrupt75):DEFINED (__Interrupt75)?ABSOLUTE (__Interrupt75):ABSOLUTE (__DefaultInterrupt)
                  0x0001ac          0x4 LONG 0x294 DEFINED (__AltInterrupt76)?ABSOLUTE (__AltInterrupt76):DEFINED (__Interrupt76)?ABSOLUTE (__Interrupt76):ABSOLUTE (__DefaultInterrupt)
                  0x0001ae          0x4 LONG 0x294 DEFINED (__AltInterrupt77)?ABSOLUTE (__AltInterrupt77):DEFINED (__Interrupt77)?ABSOLUTE (__Interrupt77):ABSOLUTE (__DefaultInterrupt)
                  0x0001b0          0x4 LONG 0x294 DEFINED (__AltInterrupt78)?ABSOLUTE (__AltInterrupt78):DEFINED (__Interrupt78)?ABSOLUTE (__Interrupt78):ABSOLUTE (__DefaultInterrupt)
                  0x0001b2          0x4 LONG 0x294 DEFINED (__AltInterrupt79)?ABSOLUTE (__AltInterrupt79):DEFINED (__Interrupt79)?ABSOLUTE (__Interrupt79):ABSOLUTE (__DefaultInterrupt)
                  0x0001b4          0x4 LONG 0x294 DEFINED (__AltULPWUInterrupt)?ABSOLUTE (__AltULPWUInterrupt):DEFINED (__ULPWUInterrupt)?ABSOLUTE (__ULPWUInterrupt):ABSOLUTE (__DefaultInterrupt)
                  0x0001b6          0x4 LONG 0x294 DEFINED (__AltInterrupt81)?ABSOLUTE (__AltInterrupt81):DEFINED (__Interrupt81)?ABSOLUTE (__Interrupt81):ABSOLUTE (__DefaultInterrupt)
                  0x0001b8          0x4 LONG 0x294 DEFINED (__AltInterrupt82)?ABSOLUTE (__AltInterrupt82):DEFINED (__Interrupt82)?ABSOLUTE (__Interrupt82):ABSOLUTE (__DefaultInterrupt)
                  0x0001ba          0x4 LONG 0x294 DEFINED (__AltInterrupt83)?ABSOLUTE (__AltInterrupt83):DEFINED (__Interrupt83)?ABSOLUTE (__Interrupt83):ABSOLUTE (__DefaultInterrupt)
                  0x0001bc          0x4 LONG 0x294 DEFINED (__AltInterrupt84)?ABSOLUTE (__AltInterrupt84):DEFINED (__Interrupt84)?ABSOLUTE (__Interrupt84):ABSOLUTE (__DefaultInterrupt)
                  0x0001be          0x4 LONG 0x294 DEFINED (__AltInterrupt85)?ABSOLUTE (__AltInterrupt85):DEFINED (__Interrupt85)?ABSOLUTE (__Interrupt85):ABSOLUTE (__DefaultInterrupt)
                  0x0001c0          0x4 LONG 0x294 DEFINED (__AltInterrupt86)?ABSOLUTE (__AltInterrupt86):DEFINED (__Interrupt86)?ABSOLUTE (__Interrupt86):ABSOLUTE (__DefaultInterrupt)
                  0x0001c2          0x4 LONG 0x294 DEFINED (__AltInterrupt87)?ABSOLUTE (__AltInterrupt87):DEFINED (__Interrupt87)?ABSOLUTE (__Interrupt87):ABSOLUTE (__DefaultInterrupt)
                  0x0001c4          0x4 LONG 0x294 DEFINED (__AltInterrupt88)?ABSOLUTE (__AltInterrupt88):DEFINED (__Interrupt88)?ABSOLUTE (__Interrupt88):ABSOLUTE (__DefaultInterrupt)
                  0x0001c6          0x4 LONG 0x294 DEFINED (__AltInterrupt89)?ABSOLUTE (__AltInterrupt89):DEFINED (__Interrupt89)?ABSOLUTE (__Interrupt89):ABSOLUTE (__DefaultInterrupt)
                  0x0001c8          0x4 LONG 0x294 DEFINED (__AltInterrupt90)?ABSOLUTE (__AltInterrupt90):DEFINED (__Interrupt90)?ABSOLUTE (__Interrupt90):ABSOLUTE (__DefaultInterrupt)
                  0x0001ca          0x4 LONG 0x294 DEFINED (__AltInterrupt91)?ABSOLUTE (__AltInterrupt91):DEFINED (__Interrupt91)?ABSOLUTE (__Interrupt91):ABSOLUTE (__DefaultInterrupt)
                  0x0001cc          0x4 LONG 0x294 DEFINED (__AltInterrupt92)?ABSOLUTE (__AltInterrupt92):DEFINED (__Interrupt92)?ABSOLUTE (__Interrupt92):ABSOLUTE (__DefaultInterrupt)
                  0x0001ce          0x4 LONG 0x294 DEFINED (__AltInterrupt93)?ABSOLUTE (__AltInterrupt93):DEFINED (__Interrupt93)?ABSOLUTE (__Interrupt93):ABSOLUTE (__DefaultInterrupt)
                  0x0001d0          0x4 LONG 0x294 DEFINED (__AltInterrupt94)?ABSOLUTE (__AltInterrupt94):DEFINED (__Interrupt94)?ABSOLUTE (__Interrupt94):ABSOLUTE (__DefaultInterrupt)
                  0x0001d2          0x4 LONG 0x294 DEFINED (__AltInterrupt95)?ABSOLUTE (__AltInterrupt95):DEFINED (__Interrupt95)?ABSOLUTE (__Interrupt95):ABSOLUTE (__DefaultInterrupt)
                  0x0001d4          0x4 LONG 0x294 DEFINED (__AltInterrupt96)?ABSOLUTE (__AltInterrupt96):DEFINED (__Interrupt96)?ABSOLUTE (__Interrupt96):ABSOLUTE (__DefaultInterrupt)
                  0x0001d6          0x4 LONG 0x294 DEFINED (__AltInterrupt97)?ABSOLUTE (__AltInterrupt97):DEFINED (__Interrupt97)?ABSOLUTE (__Interrupt97):ABSOLUTE (__DefaultInterrupt)
                  0x0001d8          0x4 LONG 0x294 DEFINED (__AltInterrupt98)?ABSOLUTE (__AltInterrupt98):DEFINED (__Interrupt98)?ABSOLUTE (__Interrupt98):ABSOLUTE (__DefaultInterrupt)
                  0x0001da          0x4 LONG 0x294 DEFINED (__AltInterrupt99)?ABSOLUTE (__AltInterrupt99):DEFINED (__Interrupt99)?ABSOLUTE (__Interrupt99):ABSOLUTE (__DefaultInterrupt)
                  0x0001dc          0x4 LONG 0x294 DEFINED (__AltInterrupt100)?ABSOLUTE (__AltInterrupt100):DEFINED (__Interrupt100)?ABSOLUTE (__Interrupt100):ABSOLUTE (__DefaultInterrupt)
                  0x0001de          0x4 LONG 0x294 DEFINED (__AltInterrupt101)?ABSOLUTE (__AltInterrupt101):DEFINED (__Interrupt101)?ABSOLUTE (__Interrupt101):ABSOLUTE (__DefaultInterrupt)
                  0x0001e0          0x4 LONG 0x294 DEFINED (__AltInterrupt102)?ABSOLUTE (__AltInterrupt102):DEFINED (__Interrupt102)?ABSOLUTE (__Interrupt102):ABSOLUTE (__DefaultInterrupt)
                  0x0001e2          0x4 LONG 0x294 DEFINED (__AltInterrupt103)?ABSOLUTE (__AltInterrupt103):DEFINED (__Interrupt103)?ABSOLUTE (__Interrupt103):ABSOLUTE (__DefaultInterrupt)
                  0x0001e4          0x4 LONG 0x294 DEFINED (__AltInterrupt104)?ABSOLUTE (__AltInterrupt104):DEFINED (__Interrupt104)?ABSOLUTE (__Interrupt104):ABSOLUTE (__DefaultInterrupt)
                  0x0001e6          0x4 LONG 0x294 DEFINED (__AltInterrupt105)?ABSOLUTE (__AltInterrupt105):DEFINED (__Interrupt105)?ABSOLUTE (__Interrupt105):ABSOLUTE (__DefaultInterrupt)
                  0x0001e8          0x4 LONG 0x294 DEFINED (__AltInterrupt106)?ABSOLUTE (__AltInterrupt106):DEFINED (__Interrupt106)?ABSOLUTE (__Interrupt106):ABSOLUTE (__DefaultInterrupt)
                  0x0001ea          0x4 LONG 0x294 DEFINED (__AltInterrupt107)?ABSOLUTE (__AltInterrupt107):DEFINED (__Interrupt107)?ABSOLUTE (__Interrupt107):ABSOLUTE (__DefaultInterrupt)
                  0x0001ec          0x4 LONG 0x294 DEFINED (__AltInterrupt108)?ABSOLUTE (__AltInterrupt108):DEFINED (__Interrupt108)?ABSOLUTE (__Interrupt108):ABSOLUTE (__DefaultInterrupt)
                  0x0001ee          0x4 LONG 0x294 DEFINED (__AltInterrupt109)?ABSOLUTE (__AltInterrupt109):DEFINED (__Interrupt109)?ABSOLUTE (__Interrupt109):ABSOLUTE (__DefaultInterrupt)
                  0x0001f0          0x4 LONG 0x294 DEFINED (__AltInterrupt110)?ABSOLUTE (__AltInterrupt110):DEFINED (__Interrupt110)?ABSOLUTE (__Interrupt110):ABSOLUTE (__DefaultInterrupt)
                  0x0001f2          0x4 LONG 0x294 DEFINED (__AltInterrupt111)?ABSOLUTE (__AltInterrupt111):DEFINED (__Interrupt111)?ABSOLUTE (__Interrupt111):ABSOLUTE (__DefaultInterrupt)
                  0x0001f4          0x4 LONG 0x294 DEFINED (__AltInterrupt112)?ABSOLUTE (__AltInterrupt112):DEFINED (__Interrupt112)?ABSOLUTE (__Interrupt112):ABSOLUTE (__DefaultInterrupt)
                  0x0001f6          0x4 LONG 0x294 DEFINED (__AltInterrupt113)?ABSOLUTE (__AltInterrupt113):DEFINED (__Interrupt113)?ABSOLUTE (__Interrupt113):ABSOLUTE (__DefaultInterrupt)
                  0x0001f8          0x4 LONG 0x294 DEFINED (__AltInterrupt114)?ABSOLUTE (__AltInterrupt114):DEFINED (__Interrupt114)?ABSOLUTE (__Interrupt114):ABSOLUTE (__DefaultInterrupt)
                  0x0001fa          0x4 LONG 0x294 DEFINED (__AltInterrupt115)?ABSOLUTE (__AltInterrupt115):DEFINED (__Interrupt115)?ABSOLUTE (__Interrupt115):ABSOLUTE (__DefaultInterrupt)
                  0x0001fc          0x4 LONG 0x294 DEFINED (__AltInterrupt116)?ABSOLUTE (__AltInterrupt116):DEFINED (__Interrupt116)?ABSOLUTE (__Interrupt116):ABSOLUTE (__DefaultInterrupt)
                  0x0001fe          0x4 LONG 0x294 DEFINED (__AltInterrupt117)?ABSOLUTE (__AltInterrupt117):DEFINED (__Interrupt117)?ABSOLUTE (__Interrupt117):ABSOLUTE (__DefaultInterrupt)
                    0x0000                  WREG0 = 0x0
                    0x0000                  _WREG0 = 0x0
                    0x0002                  WREG1 = 0x2
                    0x0002                  _WREG1 = 0x2
                    0x0004                  WREG2 = 0x4
                    0x0004                  _WREG2 = 0x4
                    0x0006                  WREG3 = 0x6
                    0x0006                  _WREG3 = 0x6
                    0x0008                  WREG4 = 0x8
                    0x0008                  _WREG4 = 0x8
                    0x000a                  WREG5 = 0xa
                    0x000a                  _WREG5 = 0xa
                    0x000c                  WREG6 = 0xc
                    0x000c                  _WREG6 = 0xc
                    0x000e                  WREG7 = 0xe
                    0x000e                  _WREG7 = 0xe
                    0x0010                  WREG8 = 0x10
                    0x0010                  _WREG8 = 0x10
                    0x0012                  WREG9 = 0x12
                    0x0012                  _WREG9 = 0x12
                    0x0014                  WREG10 = 0x14
                    0x0014                  _WREG10 = 0x14
                    0x0016                  WREG11 = 0x16
                    0x0016                  _WREG11 = 0x16
                    0x0018                  WREG12 = 0x18
                    0x0018                  _WREG12 = 0x18
                    0x001a                  WREG13 = 0x1a
                    0x001a                  _WREG13 = 0x1a
                    0x001c                  WREG14 = 0x1c
                    0x001c                  _WREG14 = 0x1c
                    0x001e                  WREG15 = 0x1e
                    0x001e                  _WREG15 = 0x1e
                    0x0020                  SPLIM = 0x20
                    0x0020                  _SPLIM = 0x20
                    0x002e                  PCL = 0x2e
                    0x002e                  _PCL = 0x2e
                    0x0030                  PCH = 0x30
                    0x0030                  _PCH = 0x30
                    0x0032                  TBLPAG = 0x32
                    0x0032                  _TBLPAG = 0x32
                    0x0034                  PSVPAG = 0x34
                    0x0034                  _PSVPAG = 0x34
                    0x0036                  RCOUNT = 0x36
                    0x0036                  _RCOUNT = 0x36
                    0x0042                  SR = 0x42
                    0x0042                  _SR = 0x42
                    0x0042                  _SRbits = 0x42
                    0x0044                  CORCON = 0x44
                    0x0044                  _CORCON = 0x44
                    0x0044                  _CORCONbits = 0x44
                    0x0052                  DISICNT = 0x52
                    0x0052                  _DISICNT = 0x52
                    0x0056                  CNPD1 = 0x56
                    0x0056                  _CNPD1 = 0x56
                    0x0056                  _CNPD1bits = 0x56
                    0x0058                  CNPD2 = 0x58
                    0x0058                  _CNPD2 = 0x58
                    0x0058                  _CNPD2bits = 0x58
                    0x0062                  CNEN1 = 0x62
                    0x0062                  _CNEN1 = 0x62
                    0x0062                  _CNEN1bits = 0x62
                    0x0064                  CNEN2 = 0x64
                    0x0064                  _CNEN2 = 0x64
                    0x0064                  _CNEN2bits = 0x64
                    0x006e                  CNPU1 = 0x6e
                    0x006e                  _CNPU1 = 0x6e
                    0x006e                  _CNPU1bits = 0x6e
                    0x0070                  CNPU2 = 0x70
                    0x0070                  _CNPU2 = 0x70
                    0x0070                  _CNPU2bits = 0x70
                    0x0080                  INTCON1 = 0x80
                    0x0080                  _INTCON1 = 0x80
                    0x0080                  _INTCON1bits = 0x80
                    0x0082                  INTCON2 = 0x82
                    0x0082                  _INTCON2 = 0x82
                    0x0082                  _INTCON2bits = 0x82
                    0x0084                  IFS0 = 0x84
                    0x0084                  _IFS0 = 0x84
                    0x0084                  _IFS0bits = 0x84
                    0x0086                  IFS1 = 0x86
                    0x0086                  _IFS1 = 0x86
                    0x0086                  _IFS1bits = 0x86
                    0x0088                  IFS2 = 0x88
                    0x0088                  _IFS2 = 0x88
                    0x0088                  _IFS2bits = 0x88
                    0x008a                  IFS3 = 0x8a
                    0x008a                  _IFS3 = 0x8a
                    0x008a                  _IFS3bits = 0x8a
                    0x008c                  IFS4 = 0x8c
                    0x008c                  _IFS4 = 0x8c
                    0x008c                  _IFS4bits = 0x8c
                    0x008e                  IFS5 = 0x8e
                    0x008e                  _IFS5 = 0x8e
                    0x008e                  _IFS5bits = 0x8e
                    0x0094                  IEC0 = 0x94
                    0x0094                  _IEC0 = 0x94
                    0x0094                  _IEC0bits = 0x94
                    0x0096                  IEC1 = 0x96
                    0x0096                  _IEC1 = 0x96
                    0x0096                  _IEC1bits = 0x96
                    0x0098                  IEC2 = 0x98
                    0x0098                  _IEC2 = 0x98
                    0x0098                  _IEC2bits = 0x98
                    0x009a                  IEC3 = 0x9a
                    0x009a                  _IEC3 = 0x9a
                    0x009a                  _IEC3bits = 0x9a
                    0x009c                  IEC4 = 0x9c
                    0x009c                  _IEC4 = 0x9c
                    0x009c                  _IEC4bits = 0x9c
                    0x009e                  IEC5 = 0x9e
                    0x009e                  _IEC5 = 0x9e
                    0x009e                  _IEC5bits = 0x9e
                    0x00a4                  IPC0 = 0xa4
                    0x00a4                  _IPC0 = 0xa4
                    0x00a4                  _IPC0bits = 0xa4
                    0x00a6                  IPC1 = 0xa6
                    0x00a6                  _IPC1 = 0xa6
                    0x00a6                  _IPC1bits = 0xa6
                    0x00a8                  IPC2 = 0xa8
                    0x00a8                  _IPC2 = 0xa8
                    0x00a8                  _IPC2bits = 0xa8
                    0x00aa                  IPC3 = 0xaa
                    0x00aa                  _IPC3 = 0xaa
                    0x00aa                  _IPC3bits = 0xaa
                    0x00ac                  IPC4 = 0xac
                    0x00ac                  _IPC4 = 0xac
                    0x00ac                  _IPC4bits = 0xac
                    0x00ae                  IPC5 = 0xae
                    0x00ae                  _IPC5 = 0xae
                    0x00ae                  _IPC5bits = 0xae
                    0x00b0                  IPC6 = 0xb0
                    0x00b0                  _IPC6 = 0xb0
                    0x00b0                  _IPC6bits = 0xb0
                    0x00b2                  IPC7 = 0xb2
                    0x00b2                  _IPC7 = 0xb2
                    0x00b2                  _IPC7bits = 0xb2
                    0x00b6                  IPC9 = 0xb6
                    0x00b6                  _IPC9 = 0xb6
                    0x00b6                  _IPC9bits = 0xb6
                    0x00bc                  IPC12 = 0xbc
                    0x00bc                  _IPC12 = 0xbc
                    0x00bc                  _IPC12bits = 0xbc
                    0x00c4                  IPC16 = 0xc4
                    0x00c4                  _IPC16 = 0xc4
                    0x00c4                  _IPC16bits = 0xc4
                    0x00c8                  IPC18 = 0xc8
                    0x00c8                  _IPC18 = 0xc8
                    0x00c8                  _IPC18bits = 0xc8
                    0x00cc                  IPC20 = 0xcc
                    0x00cc                  _IPC20 = 0xcc
                    0x00cc                  _IPC20bits = 0xcc
                    0x00e0                  INTTREG = 0xe0
                    0x00e0                  _INTTREG = 0xe0
                    0x00e0                  _INTTREGbits = 0xe0
                    0x0100                  TMR1 = 0x100
                    0x0100                  _TMR1 = 0x100
                    0x0102                  PR1 = 0x102
                    0x0102                  _PR1 = 0x102
                    0x0104                  T1CON = 0x104
                    0x0104                  _T1CON = 0x104
                    0x0104                  _T1CONbits = 0x104
                    0x0106                  TMR2 = 0x106
                    0x0106                  _TMR2 = 0x106
                    0x0108                  PR2 = 0x108
                    0x0108                  _PR2 = 0x108
                    0x010a                  T2CON = 0x10a
                    0x010a                  _T2CON = 0x10a
                    0x010a                  _T2CONbits = 0x10a
                    0x010c                  TMR3 = 0x10c
                    0x010c                  _TMR3 = 0x10c
                    0x010e                  T3GCON = 0x10e
                    0x010e                  _T3GCON = 0x10e
                    0x010e                  _T3GCONbits = 0x10e
                    0x0110                  T3CON = 0x110
                    0x0110                  _T3CON = 0x110
                    0x0110                  _T3CONbits = 0x110
                    0x0112                  TMR4 = 0x112
                    0x0112                  _TMR4 = 0x112
                    0x0114                  PR4 = 0x114
                    0x0114                  _PR4 = 0x114
                    0x0116                  T4CON = 0x116
                    0x0116                  _T4CON = 0x116
                    0x0116                  _T4CONbits = 0x116
                    0x013c                  CCPTMRS0 = 0x13c
                    0x013c                  _CCPTMRS0 = 0x13c
                    0x013c                  _CCPTMRS0bits = 0x13c
                    0x0190                  CCP1CON = 0x190
                    0x0190                  _CCP1CON = 0x190
                    0x0190                  _CCP1CONbits = 0x190
                    0x0190                  ECCP1CON = 0x190
                    0x0190                  _ECCP1CON = 0x190
                    0x0190                  _ECCP1CONbits = 0x190
                    0x0192                  CCPR1L = 0x192
                    0x0192                  _CCPR1L = 0x192
                    0x0194                  CCPR1H = 0x194
                    0x0194                  _CCPR1H = 0x194
                    0x0196                  ECCP1DEL = 0x196
                    0x0196                  _ECCP1DEL = 0x196
                    0x0196                  _ECCP1DELbits = 0x196
                    0x0196                  PWM1CON = 0x196
                    0x0196                  _PWM1CON = 0x196
                    0x0196                  _PWM1CONbits = 0x196
                    0x0198                  ECCP1AS = 0x198
                    0x0198                  _ECCP1AS = 0x198
                    0x0198                  _ECCP1ASbits = 0x198
                    0x019a                  PSTR1CON = 0x19a
                    0x019a                  _PSTR1CON = 0x19a
                    0x019a                  _PSTR1CONbits = 0x19a
                    0x019c                  CCP2CON = 0x19c
                    0x019c                  _CCP2CON = 0x19c
                    0x019c                  _CCP2CONbits = 0x19c
                    0x019e                  CCPR2L = 0x19e
                    0x019e                  _CCPR2L = 0x19e
                    0x01a0                  CCPR2H = 0x1a0
                    0x01a0                  _CCPR2H = 0x1a0
                    0x01a8                  CCP3CON = 0x1a8
                    0x01a8                  _CCP3CON = 0x1a8
                    0x01a8                  _CCP3CONbits = 0x1a8
                    0x01aa                  CCPR3L = 0x1aa
                    0x01aa                  _CCPR3L = 0x1aa
                    0x01ac                  CCPR3H = 0x1ac
                    0x01ac                  _CCPR3H = 0x1ac
                    0x0200                  SPI1BUF = 0x200
                    0x0200                  _SPI1BUF = 0x200
                    0x0200                  _SPI1BUFbits = 0x200
                    0x0200                  SSP1BUF = 0x200
                    0x0200                  _SSP1BUF = 0x200
                    0x0200                  _SSP1BUFbits = 0x200
                    0x0202                  SSP1CON1 = 0x202
                    0x0202                  _SSP1CON1 = 0x202
                    0x0202                  _SSP1CON1bits = 0x202
                    0x0204                  SSP1CON2 = 0x204
                    0x0204                  _SSP1CON2 = 0x204
                    0x0204                  _SSP1CON2bits = 0x204
                    0x0206                  SSP1CON3 = 0x206
                    0x0206                  _SSP1CON3 = 0x206
                    0x0206                  _SSP1CON3bits = 0x206
                    0x0208                  SSP1STAT = 0x208
                    0x0208                  _SSP1STAT = 0x208
                    0x0208                  _SSP1STATbits = 0x208
                    0x020a                  I2C1ADD = 0x20a
                    0x020a                  _I2C1ADD = 0x20a
                    0x020a                  _I2C1ADDbits = 0x20a
                    0x020a                  SSP1ADD = 0x20a
                    0x020a                  _SSP1ADD = 0x20a
                    0x020a                  _SSP1ADDbits = 0x20a
                    0x020c                  I2C1MSK = 0x20c
                    0x020c                  _I2C1MSK = 0x20c
                    0x020c                  _I2C1MSKbits = 0x20c
                    0x020c                  SSP1MSK = 0x20c
                    0x020c                  _SSP1MSK = 0x20c
                    0x020c                  _SSP1MSKbits = 0x20c
                    0x0210                  SPI2BUF = 0x210
                    0x0210                  _SPI2BUF = 0x210
                    0x0210                  _SPI2BUFbits = 0x210
                    0x0210                  SSP2BUF = 0x210
                    0x0210                  _SSP2BUF = 0x210
                    0x0210                  _SSP2BUFbits = 0x210
                    0x0212                  SSP2CON1 = 0x212
                    0x0212                  _SSP2CON1 = 0x212
                    0x0212                  _SSP2CON1bits = 0x212
                    0x0214                  SSP2CON2 = 0x214
                    0x0214                  _SSP2CON2 = 0x214
                    0x0214                  _SSP2CON2bits = 0x214
                    0x0216                  SSP2CON3 = 0x216
                    0x0216                  _SSP2CON3 = 0x216
                    0x0216                  _SSP2CON3bits = 0x216
                    0x0218                  SSP2STAT = 0x218
                    0x0218                  _SSP2STAT = 0x218
                    0x0218                  _SSP2STATbits = 0x218
                    0x021a                  I2C2ADD = 0x21a
                    0x021a                  _I2C2ADD = 0x21a
                    0x021a                  _I2C2ADDbits = 0x21a
                    0x021a                  SSP2ADD = 0x21a
                    0x021a                  _SSP2ADD = 0x21a
                    0x021a                  _SSP2ADDbits = 0x21a
                    0x021c                  I2C2MSK = 0x21c
                    0x021c                  _I2C2MSK = 0x21c
                    0x021c                  _I2C2MSKbits = 0x21c
                    0x021c                  SSP2MSK = 0x21c
                    0x021c                  _SSP2MSK = 0x21c
                    0x021c                  _SSP2MSKbits = 0x21c
                    0x0220                  U1MODE = 0x220
                    0x0220                  _U1MODE = 0x220
                    0x0220                  _U1MODEbits = 0x220
                    0x0222                  U1STA = 0x222
                    0x0222                  _U1STA = 0x222
                    0x0222                  _U1STAbits = 0x222
                    0x0224                  U1TXREG = 0x224
                    0x0224                  _U1TXREG = 0x224
                    0x0224                  _U1TXREGbits = 0x224
                    0x0226                  U1RXREG = 0x226
                    0x0226                  _U1RXREG = 0x226
                    0x0226                  _U1RXREGbits = 0x226
                    0x0228                  U1BRG = 0x228
                    0x0228                  _U1BRG = 0x228
                    0x0230                  U2MODE = 0x230
                    0x0230                  _U2MODE = 0x230
                    0x0230                  _U2MODEbits = 0x230
                    0x0232                  U2STA = 0x232
                    0x0232                  _U2STA = 0x232
                    0x0232                  _U2STAbits = 0x232
                    0x0234                  U2TXREG = 0x234
                    0x0234                  _U2TXREG = 0x234
                    0x0234                  _U2TXREGbits = 0x234
                    0x0236                  U2RXREG = 0x236
                    0x0236                  _U2RXREG = 0x236
                    0x0236                  _U2RXREGbits = 0x236
                    0x0238                  U2BRG = 0x238
                    0x0238                  _U2BRG = 0x238
                    0x02c0                  TRISA = 0x2c0
                    0x02c0                  _TRISA = 0x2c0
                    0x02c0                  _TRISAbits = 0x2c0
                    0x02c2                  PORTA = 0x2c2
                    0x02c2                  _PORTA = 0x2c2
                    0x02c2                  _PORTAbits = 0x2c2
                    0x02c4                  LATA = 0x2c4
                    0x02c4                  _LATA = 0x2c4
                    0x02c4                  _LATAbits = 0x2c4
                    0x02c6                  ODCA = 0x2c6
                    0x02c6                  _ODCA = 0x2c6
                    0x02c6                  _ODCAbits = 0x2c6
                    0x02c8                  TRISB = 0x2c8
                    0x02c8                  _TRISB = 0x2c8
                    0x02c8                  _TRISBbits = 0x2c8
                    0x02ca                  PORTB = 0x2ca
                    0x02ca                  _PORTB = 0x2ca
                    0x02ca                  _PORTBbits = 0x2ca
                    0x02cc                  LATB = 0x2cc
                    0x02cc                  _LATB = 0x2cc
                    0x02cc                  _LATBbits = 0x2cc
                    0x02ce                  ODCB = 0x2ce
                    0x02ce                  _ODCB = 0x2ce
                    0x02ce                  _ODCBbits = 0x2ce
                    0x02fc                  PADCFG1 = 0x2fc
                    0x02fc                  _PADCFG1 = 0x2fc
                    0x02fc                  _PADCFG1bits = 0x2fc
                    0x0300                  ADC1BUF0 = 0x300
                    0x0300                  _ADC1BUF0 = 0x300
                    0x0302                  ADC1BUF1 = 0x302
                    0x0302                  _ADC1BUF1 = 0x302
                    0x0320                  AD1CON1 = 0x320
                    0x0320                  _AD1CON1 = 0x320
                    0x0320                  _AD1CON1bits = 0x320
                    0x0322                  AD1CON2 = 0x322
                    0x0322                  _AD1CON2 = 0x322
                    0x0322                  _AD1CON2bits = 0x322
                    0x0324                  AD1CON3 = 0x324
                    0x0324                  _AD1CON3 = 0x324
                    0x0324                  _AD1CON3bits = 0x324
                    0x0328                  AD1CHS = 0x328
                    0x0328                  _AD1CHS = 0x328
                    0x0328                  _AD1CHSbits = 0x328
                    0x0330                  AD1CSSL = 0x330
                    0x0330                  _AD1CSSL = 0x330
                    0x0330                  _AD1CSSLbits = 0x330
                    0x04de                  ANCFG = 0x4de
                    0x04de                  _ANCFG = 0x4de
                    0x04de                  _ANCFGbits = 0x4de
                    0x04e0                  ANSA = 0x4e0
                    0x04e0                  _ANSA = 0x4e0
                    0x04e0                  _ANSAbits = 0x4e0
                    0x04e0                  ANSELA = 0x4e0
                    0x04e0                  _ANSELA = 0x4e0
                    0x04e0                  _ANSELAbits = 0x4e0
                    0x04e2                  ANSB = 0x4e2
                    0x04e2                  _ANSB = 0x4e2
                    0x04e2                  _ANSBbits = 0x4e2
                    0x04e2                  ANSELB = 0x4e2
                    0x04e2                  _ANSELB = 0x4e2
                    0x04e2                  _ANSELBbits = 0x4e2
                    0x0630                  CMSTAT = 0x630
                    0x0630                  _CMSTAT = 0x630
                    0x0630                  _CMSTATbits = 0x630
                    0x0632                  CVRCON = 0x632
                    0x0632                  _CVRCON = 0x632
                    0x0632                  _CVRCONbits = 0x632
                    0x0634                  CM1CON = 0x634
                    0x0634                  _CM1CON = 0x634
                    0x0634                  _CM1CONbits = 0x634
                    0x0636                  CM2CON = 0x636
                    0x0636                  _CM2CON = 0x636
                    0x0636                  _CM2CONbits = 0x636
                    0x0740                  RCON = 0x740
                    0x0740                  _RCON = 0x740
                    0x0740                  _RCONbits = 0x740
                    0x0742                  OSCCON = 0x742
                    0x0742                  _OSCCON = 0x742
                    0x0742                  _OSCCONbits = 0x742
                    0x0742                  OSCCONL = 0x742
                    0x0742                  _OSCCONL = 0x742
                    0x0743                  OSCCONH = 0x743
                    0x0743                  _OSCCONH = 0x743
                    0x0744                  CLKDIV = 0x744
                    0x0744                  _CLKDIV = 0x744
                    0x0744                  _CLKDIVbits = 0x744
                    0x0748                  OSCTUN = 0x748
                    0x0748                  _OSCTUN = 0x748
                    0x0748                  _OSCTUNbits = 0x748
                    0x074e                  REFOCON = 0x74e
                    0x074e                  _REFOCON = 0x74e
                    0x074e                  _REFOCONbits = 0x74e
                    0x0756                  HLVDCON = 0x756
                    0x0756                  _HLVDCON = 0x756
                    0x0756                  _HLVDCONbits = 0x756
                    0x0760                  NVMCON = 0x760
                    0x0760                  _NVMCON = 0x760
                    0x0760                  _NVMCONbits = 0x760
                    0x0766                  NVMKEY = 0x766
                    0x0766                  _NVMKEY = 0x766
                    0x0766                  _NVMKEYbits = 0x766
                    0x0768                  ULPWCON = 0x768
                    0x0768                  _ULPWCON = 0x768
                    0x0768                  _ULPWCONbits = 0x768
                    0x0770                  PMD1 = 0x770
                    0x0770                  _PMD1 = 0x770
                    0x0770                  _PMD1bits = 0x770
                    0x0770                  PMDIS1 = 0x770
                    0x0770                  _PMDIS1 = 0x770
                    0x0770                  _PMDIS1bits = 0x770
                    0x0772                  PMD2 = 0x772
                    0x0772                  _PMD2 = 0x772
                    0x0772                  _PMD2bits = 0x772
                    0x0772                  PMDIS2 = 0x772
                    0x0772                  _PMDIS2 = 0x772
                    0x0772                  _PMDIS2bits = 0x772
                    0x0774                  PMD3 = 0x774
                    0x0774                  _PMD3 = 0x774
                    0x0774                  _PMD3bits = 0x774
                    0x0774                  PMDIS3 = 0x774
                    0x0774                  _PMDIS3 = 0x774
                    0x0774                  _PMDIS3bits = 0x774
                    0x0776                  PMD4 = 0x776
                    0x0776                  _PMD4 = 0x776
                    0x0776                  _PMD4bits = 0x776
                    0x0776                  PMDIS4 = 0x776
                    0x0776                  _PMDIS4 = 0x776
                    0x0776                  _PMDIS4bits = 0x776
                    0x0220                  UART1 = 0x220
                    0x0220                  _UART1 = 0x220
                    0x0230                  UART2 = 0x230
                    0x0230                  _UART2 = 0x230
START GROUP
LOAD /Applications/microchip/xc16/v1.21/bin/bin/../../lib/libfx-elf.a
LOAD /Applications/microchip/xc16/v1.21/bin/bin/../../lib/libpic30-elf.a
LOAD /Applications/microchip/xc16/v1.21/bin/bin/../../lib/libm-elf.a
LOAD /Applications/microchip/xc16/v1.21/bin/bin/../../lib/libc-elf.a
END GROUP
OUTPUT(dist/default/production/spaceteam_pic_project.X.production.elf elf32-pic30)
LOAD default_isr
LOAD data_init

.debug_pubtypes
                  0x0000c0        0x526
 .debug_pubtypes
                  0x0000c0         0x5a build/default/production/spaceteam_main.o
 .debug_pubtypes
                  0x00011a         0xad build/default/production/spaceteam_io.o
 .debug_pubtypes
                  0x0001c7         0x92 build/default/production/spaceteam_display.o
 .debug_pubtypes
                  0x000259         0x37 build/default/production/spaceteam_spi.o
 .debug_pubtypes
                  0x000290         0x54 build/default/production/spaceteam_rfid.o
 .debug_pubtypes
                  0x0002e4        0x159 build/default/production/spaceteam_wireless.o
 .debug_pubtypes
                  0x00043d        0x116 build/default/production/spaceteam_game.o
 .debug_pubtypes
                  0x000553         0x93 build/default/production/spaceteam_msg.o

__c30_signature
                  0x0005e6         0x42
 __c30_signature
                  0x0005e6          0x6 build/default/production/spaceteam_main.o
 __c30_signature
                  0x0005ec          0x6 build/default/production/spaceteam_io.o
 __c30_signature
                  0x0005f2          0x6 build/default/production/spaceteam_display.o
 __c30_signature
                  0x0005f8          0x6 build/default/production/spaceteam_spi.o
 __c30_signature
                  0x0005fe          0x6 build/default/production/spaceteam_rfid.o
 __c30_signature
                  0x000604          0x6 build/default/production/spaceteam_wireless.o
 __c30_signature
                  0x00060a          0x6 build/default/production/spaceteam_game.o
 __c30_signature
                  0x000610          0x6 build/default/production/spaceteam_msg.o
 __c30_signature
                  0x000616          0x6 /Applications/microchip/xc16/v1.21/bin/bin/../../lib/libpic30-elf.a(crt0_standard.o)
 __c30_signature
                  0x00061c          0x6 /Applications/microchip/xc16/v1.21/bin/bin/../../lib/libpic30-elf.a(data_init_standard.o)
 __c30_signature
                  0x000622          0x6 /Applications/microchip/xc16/v1.21/bin/bin/../../lib/libpic30-elf.a(delay32.eo)

.nbss               0x0800         0x68
 .nbss              0x0800         0x68 build/default/production/spaceteam_game.o
                    0x0800                  _lfsr
                    0x0802                  _num_players
                    0x0804                  _game_state
                    0x0806                  _req_time
                    0x0807                  _curr_LED
                    0x0808                  _game_health
                    0x080a                  _active_requests
                    0x084a                  _my_req
                    0x0852                  _mainloop_scan_for_rfid
                    0x0853                  _key_buf
                    0x0857                  _rfid_buf
                    0x085b                  _active_players

.ndata              0x0868         0x4e
 .ndata             0x0868         0x4e build/default/production/spaceteam_game.o
                    0x0868                  _rfid_tokens
                    0x08a8                  _isel_vals

.nbss               0x08b6         0x4c
 .nbss              0x08b6         0x4c build/default/production/spaceteam_display.o
                    0x08b6                  _line_1_buf
                    0x08d7                  _line_2_buf
                    0x08f8                  _line_1_scroll_idx
                    0x08f9                  _line_2_scroll_idx
                    0x08fa                  _line_1_scroll_on
                    0x08fb                  _line_2_scroll_on
                    0x08fc                  _line_1_new
                    0x08fd                  _line_2_new
                    0x08fe                  _line_1_len
                    0x08ff                  _line_2_len

.ndata              0x0902         0x66
 .ndata             0x0902         0x3e build/default/production/spaceteam_display.o
                    0x0902                  _req_preps
                    0x0908                  _req_verbs
                    0x0924                  _req_names
 .ndata             0x0940         0x28 build/default/production/spaceteam_wireless.o
                    0x0940                  _player_addresses

.nbss               0x0968         0x2a
 .nbss              0x0968         0x1e build/default/production/spaceteam_io.o
                    0x0984                  _wireless_cs_val
                    0x0985                  _rfid_cs_val
 .nbss              0x0986          0x8 build/default/production/spaceteam_msg.o
                    0x0986                  _packet_buf
 .nbss              0x098e          0x2 build/default/production/spaceteam_spi.o
 .nbss              0x0990          0x2 build/default/production/spaceteam_wireless.o
                    0x0990                  _PTX

.config_ICS       0xf8000e          0x2
 .config_ICS      0xf8000e          0x2 build/default/production/spaceteam_main.o

.config_MCLRE     0xf8000c          0x2
 .config_MCLRE    0xf8000c          0x2 build/default/production/spaceteam_main.o

.config_WINDIS    0xf8000a          0x2
 .config_WINDIS
                  0xf8000a          0x2 build/default/production/spaceteam_main.o

.config_FCKSM     0xf80008          0x2
 .config_FCKSM    0xf80008          0x2 build/default/production/spaceteam_main.o

.config_IESO      0xf80006          0x2
 .config_IESO     0xf80006          0x2 build/default/production/spaceteam_main.o

.config_GSS0      0xf80004          0x2
 .config_GSS0     0xf80004          0x2 build/default/production/spaceteam_main.o

.config_BSS       0xf80000          0x2
 .config_BSS      0xf80000          0x2 build/default/production/spaceteam_main.o

.const              0x8298        0x154 load address 0x000298  
 .const             0x8298         0xe2 build/default/production/spaceteam_display.o
                    0x8298                  _req_randomize
                    0x82a2                  _req_set
                    0x82a6                  _req_engage
                    0x82ad                  _req_check
                    0x82b3                  _req_deactivate
                    0x82be                  _req_cycle
                    0x82c4                  _req_scan
                    0x82c9                  _req_deploy
                    0x82d0                  _req_flip
                    0x82d5                  _req_eject
                    0x82db                  _req_vent
                    0x82e0                  _req_flood
                    0x82e6                  _req_crank
                    0x82ec                  _req_align
                    0x82f2                  _req_badge
                    0x82f8                  _req_airbag
                    0x82ff                  _req_thrust
                    0x8308                  _req_vaporizer
                    0x8312                  _req_pilot
                    0x8318                  _req_impeller
                    0x8321                  _req_combustor
                    0x832b                  _req_distiller
                    0x8335                  _req_shields
                    0x833d                  _req_network
                    0x8345                  _req_reflector
                    0x834f                  _req_sequencer
                    0x8359                  _req_perc
                    0x8364                  _req_ship
                    0x836e                  _req_for
                    0x8372                  _req_to
 .const             0x837a         0x3e build/default/production/spaceteam_game.o
 .const             0x83b8         0x28 build/default/production/spaceteam_wireless.o
 .const             0x83e0          0xc build/default/production/spaceteam_io.o
                    0x83e0                  _key_map

.text             0x0003ec       0x1662
 .text            0x0003ec        0x77c build/default/production/spaceteam_game.o
                  0x0003ec                  _init_game_vars
                  0x00043a                  _init_game
                  0x000464                  _begin_game
                  0x00049c                  _lfsr_get_random
                  0x0004c8                  _generate_request
                  0x00057a                  _register_request
                  0x00060c                  _deregister_request
                  0x000666                  _request_done
                  0x000670                  _init_timer_1
                  0x000690                  __T1Interrupt
                  0x0006fe                  _init_timer_2
                  0x000720                  _is_begin_debounced
                  0x00075c                  __T2Interrupt
                  0x0007f8                  _check_request_completed
                  0x00086c                  _check_keypad_completed
                  0x000932                  _check_rfid_completed
                  0x0009a0                  _scan_for_rfid
                  0x0009ae                  _set_game_rfid
                  0x0009d2                  _check_switch_completed
                  0x000a44                  _check_knob_completed
                  0x000a72                  _multiplex_leds
                  0x000af2                  _dec_game_health
                  0x000b16                  _register_player
                  0x000b52                  _get_active_players
                  0x000b5c                  _get_game_state
 .text            0x000b68        0x5ec build/default/production/spaceteam_display.o
                  0x000b68                  _init_display
                  0x000bc6                  _init_timer_4
                  0x000be6                  __T4Interrupt
                  0x000c68                  _display_line_buf
                  0x000d10                  _display_set_control_sigs
                  0x000d2a                  _display_write_command
                  0x000d48                  _display_write_char
                  0x000d72                  _hex_to_string
                  0x000dda                  _display_write_hex
                  0x000df0                  _display_reset
                  0x000e24                  _display_set_address
                  0x000e3a                  _display_write_line
                  0x000e8c                  _display_clear
                  0x000e9c                  _dec_to_string
                  0x000efe                  _display_write_request
                  0x000fc2                  _display_set_buffer
                  0x000fe8                  _display_clear_line
                  0x001014                  _display_copy_string
                  0x00105e                  _display_scroll_set
                  0x001084                  _display_key_buf
                  0x00110e                  _display_rfid_token
 .text            0x001154        0x2fa build/default/production/spaceteam_rfid.o
                  0x001154                  _init_rfid
                  0x0011b8                  _rfid_write_reg
                  0x0011de                  _rfid_read_reg
                  0x001206                  _rfid_set_bits
                  0x001222                  _rfid_clear_bits
                  0x001242                  _rfid_transcieve
                  0x00134e                  _rfid_request_type
                  0x001386                  _rfid_request_id
                  0x001400                  _rfid_get_token
 .text            0x00144e        0x21e build/default/production/spaceteam_wireless.o
                  0x00144e                  _get_player_address
                  0x001464                  _init_wireless
                  0x0014ca                  _wl_module_set_address
                  0x0014da                  _wl_module_get_status
                  0x0014f0                  _wl_module_send_command
                  0x00150e                  _wl_module_read_register
                  0x001528                  _wl_module_read_register_byte
                  0x00153c                  _wl_module_write_register
                  0x00155a                  _wl_module_write_register_byte
                  0x001570                  _wl_module_get_payload
                  0x001582                  _wl_module_send_payload
                  0x0015b8                  _wl_module_send_response
                  0x0015ca                  _wl_module_start_transmit
                  0x0015da                  __INT2Interrupt
 .text            0x00166c        0x21a build/default/production/spaceteam_io.o
                  0x00166c                  _init_io
                  0x0016a0                  _is_io_initialized
                  0x0016aa                  _set_isel
                  0x0016ca                  _get_switch_val
                  0x0016e2                  _set_lsel
                  0x001700                  _get_iomux
                  0x001716                  _init_keypad
                  0x00174c                  _scan_and_debounce_keypad
                  0x001818                  _get_knob_sample
                  0x001836                  _int_set_chip_selects
                  0x001854                  _int_reset_chip_selects
 .text            0x001886        0x102 build/default/production/spaceteam_msg.o
                  0x001886                  _send_message
                  0x0018cc                  _parse_message
 .text            0x001988         0xc6 build/default/production/spaceteam_spi.o
                  0x001988                  _init_spi
                  0x0019a4                  __spi_write
                  0x0019da                  _spi_write
                  0x0019ec                  _is_spi_initialized
                  0x0019fa                  _spi_write_multiple

.dinit            0x001a4e         0xb2
 .dinit           0x001a4e         0xb2 data_init

.text             0x001b00         0x34
 .text            0x001b00         0x34 build/default/production/spaceteam_main.o
                  0x001b00                  _main

.init.delay32     0x001b34         0x1c
 .init.delay32    0x001b34         0x1c /Applications/microchip/xc16/v1.21/bin/bin/../../lib/libpic30-elf.a(delay32.eo)
                  0x001b34                  ___delay32
